Archive member included because of file (symbol)

c:/program files (x86)/gnu tools arm embedded/4.8 2014q3/bin/../lib/gcc/arm-none-eabi/4.8.4/armv7e-m\libgcc.a(unwind-arm.o)
                              ./system/src/newlib/_cxx.o (__aeabi_unwind_cpp_pr1)
c:/program files (x86)/gnu tools arm embedded/4.8 2014q3/bin/../lib/gcc/arm-none-eabi/4.8.4/armv7e-m\libgcc.a(libunwind.o)
                              c:/program files (x86)/gnu tools arm embedded/4.8 2014q3/bin/../lib/gcc/arm-none-eabi/4.8.4/armv7e-m\libgcc.a(unwind-arm.o) (restore_core_regs)
c:/program files (x86)/gnu tools arm embedded/4.8 2014q3/bin/../lib/gcc/arm-none-eabi/4.8.4/armv7e-m\libgcc.a(pr-support.o)
                              c:/program files (x86)/gnu tools arm embedded/4.8 2014q3/bin/../lib/gcc/arm-none-eabi/4.8.4/armv7e-m\libgcc.a(unwind-arm.o) (__gnu_unwind_execute)
c:/program files (x86)/gnu tools arm embedded/4.8 2014q3/bin/../lib/gcc/arm-none-eabi/4.8.4/../../../../arm-none-eabi/lib/armv7e-m\libg_s.a(lib_a-errno.o)
                              ./system/src/newlib/_sbrk.o (__errno)
c:/program files (x86)/gnu tools arm embedded/4.8 2014q3/bin/../lib/gcc/arm-none-eabi/4.8.4/../../../../arm-none-eabi/lib/armv7e-m\libg_s.a(lib_a-impure.o)
                              c:/program files (x86)/gnu tools arm embedded/4.8 2014q3/bin/../lib/gcc/arm-none-eabi/4.8.4/../../../../arm-none-eabi/lib/armv7e-m\libg_s.a(lib_a-errno.o) (_impure_ptr)
c:/program files (x86)/gnu tools arm embedded/4.8 2014q3/bin/../lib/gcc/arm-none-eabi/4.8.4/../../../../arm-none-eabi/lib/armv7e-m\libg_s.a(lib_a-memcpy-stub.o)
                              c:/program files (x86)/gnu tools arm embedded/4.8 2014q3/bin/../lib/gcc/arm-none-eabi/4.8.4/armv7e-m\libgcc.a(unwind-arm.o) (memcpy)

Allocating common symbols
Common symbol       size              file

errno               0x4               ./system/src/newlib/_syscalls.o

Discarded input sections

 .group         0x00000000        0x8 ./system/src/newlib/_cxx.o
 .group         0x00000000        0x8 ./system/src/newlib/_cxx.o
 .group         0x00000000        0x8 ./system/src/newlib/_cxx.o
 .group         0x00000000        0x8 ./system/src/newlib/_cxx.o
 .group         0x00000000        0x8 ./system/src/newlib/_cxx.o
 .group         0x00000000        0x8 ./system/src/newlib/_cxx.o
 .group         0x00000000        0x8 ./system/src/newlib/_cxx.o
 .group         0x00000000        0x8 ./system/src/newlib/_cxx.o
 .group         0x00000000        0x8 ./system/src/newlib/_cxx.o
 .group         0x00000000        0x8 ./system/src/newlib/_cxx.o
 .group         0x00000000        0x8 ./system/src/newlib/_cxx.o
 .group         0x00000000        0x8 ./system/src/newlib/_cxx.o
 .group         0x00000000        0x8 ./system/src/newlib/_cxx.o
 .group         0x00000000        0x8 ./system/src/newlib/_cxx.o
 .group         0x00000000        0x8 ./system/src/newlib/_cxx.o
 .group         0x00000000        0x8 ./system/src/newlib/_cxx.o
 .group         0x00000000        0x8 ./system/src/newlib/_cxx.o
 .group         0x00000000        0x8 ./system/src/newlib/_cxx.o
 .group         0x00000000        0x8 ./system/src/newlib/_cxx.o
 .group         0x00000000        0x8 ./system/src/newlib/_cxx.o
 .group         0x00000000        0x8 ./system/src/newlib/_cxx.o
 .group         0x00000000        0x8 ./system/src/newlib/_cxx.o
 .group         0x00000000        0x8 ./system/src/newlib/_cxx.o
 .group         0x00000000        0x8 ./system/src/newlib/_cxx.o
 .text          0x00000000        0x0 ./system/src/newlib/_cxx.o
 .data          0x00000000        0x0 ./system/src/newlib/_cxx.o
 .bss           0x00000000        0x0 ./system/src/newlib/_cxx.o
 .text._ZN9__gnu_cxx27__verbose_terminate_handlerEv
                0x00000000        0x8 ./system/src/newlib/_cxx.o
 .ARM.extab.text._ZN9__gnu_cxx27__verbose_terminate_handlerEv
                0x00000000        0xc ./system/src/newlib/_cxx.o
 .ARM.exidx.text._ZN9__gnu_cxx27__verbose_terminate_handlerEv
                0x00000000        0x8 ./system/src/newlib/_cxx.o
 .text.__cxa_pure_virtual
                0x00000000        0x8 ./system/src/newlib/_cxx.o
 .ARM.extab.text.__cxa_pure_virtual
                0x00000000        0xc ./system/src/newlib/_cxx.o
 .ARM.exidx.text.__cxa_pure_virtual
                0x00000000        0x8 ./system/src/newlib/_cxx.o
 .debug_info    0x00000000      0x597 ./system/src/newlib/_cxx.o
 .debug_abbrev  0x00000000      0x1a7 ./system/src/newlib/_cxx.o
 .debug_aranges
                0x00000000       0x28 ./system/src/newlib/_cxx.o
 .debug_ranges  0x00000000       0x18 ./system/src/newlib/_cxx.o
 .debug_macro   0x00000000      0x148 ./system/src/newlib/_cxx.o
 .debug_macro   0x00000000      0x87a ./system/src/newlib/_cxx.o
 .debug_macro   0x00000000       0xef ./system/src/newlib/_cxx.o
 .debug_macro   0x00000000      0x329 ./system/src/newlib/_cxx.o
[...]
Memory Configuration

Name             Origin             Length             Attributes
RAM              0x20000000         0x00020000         xrw
CCMRAM           0x10000000         0x00010000         xrw
FLASH            0x08000000         0x00100000         xr
FLASHB1          0x00000000         0x00000000         xr
EXTMEMB0         0x00000000         0x00000000         xr
EXTMEMB1         0x00000000         0x00000000         xr
EXTMEMB2         0x00000000         0x00000000         xr
EXTMEMB3         0x00000000         0x00000000         xr
MEMORY_ARRAY     0x20002000         0x00000020         xrw
*default*        0x00000000         0xffffffff

Linker script and memory map

LOAD ./system/src/newlib/_cxx.o
LOAD ./system/src/newlib/_exit.o
LOAD ./system/src/newlib/_sbrk.o
LOAD ./system/src/newlib/_startup.o
LOAD ./system/src/newlib/_syscalls.o
LOAD ./system/src/newlib/_write.o
LOAD ./system/src/newlib/assert.o
LOAD ./system/src/diag/Trace.o
LOAD ./system/src/diag/trace_impl.o
LOAD ./system/src/cortexm/_initialize_hardware.o
LOAD ./system/src/cortexm/_reset_hardware.o
LOAD ./system/src/cortexm/exception_handlers.o
LOAD ./system/src/DEVICE/misc.o
LOAD ./system/src/DEVICE/stm32f4xx_exti.o
LOAD ./system/src/DEVICE/stm32f4xx_gpio.o
LOAD ./system/src/DEVICE/stm32f4xx_pwr.o
LOAD ./system/src/DEVICE/stm32f4xx_rcc.o
LOAD ./system/src/DEVICE/stm32f4xx_rtc.o
LOAD ./system/src/DEVICE/stm32f4xx_syscfg.o
LOAD ./system/src/DEVICE/stm32f4xx_tim.o
LOAD ./system/src/CMSIS/system_stm32f4xx.o
LOAD ./system/src/CMSIS/vectors_stm32f4xx.o
LOAD ./src/main.o
LOAD c:/program files (x86)/gnu tools arm embedded/4.8 2014q3/bin/../lib/gcc/arm-none-eabi/4.8.4/../../../../arm-none-eabi/lib/armv7e-m\libstdc++_s.a
LOAD c:/program files (x86)/gnu tools arm embedded/4.8 2014q3/bin/../lib/gcc/arm-none-eabi/4.8.4/../../../../arm-none-eabi/lib/armv7e-m\libm.a
START GROUP
LOAD c:/program files (x86)/gnu tools arm embedded/4.8 2014q3/bin/../lib/gcc/arm-none-eabi/4.8.4/armv7e-m\libgcc.a
LOAD c:/program files (x86)/gnu tools arm embedded/4.8 2014q3/bin/../lib/gcc/arm-none-eabi/4.8.4/../../../../arm-none-eabi/lib/armv7e-m\libg_s.a
LOAD c:/program files (x86)/gnu tools arm embedded/4.8 2014q3/bin/../lib/gcc/arm-none-eabi/4.8.4/../../../../arm-none-eabi/lib/armv7e-m\libc_s.a
END GROUP
START GROUP
LOAD c:/program files (x86)/gnu tools arm embedded/4.8 2014q3/bin/../lib/gcc/arm-none-eabi/4.8.4/armv7e-m\libgcc.a
LOAD c:/program files (x86)/gnu tools arm embedded/4.8 2014q3/bin/../lib/gcc/arm-none-eabi/4.8.4/../../../../arm-none-eabi/lib/armv7e-m\libc_s.a
END GROUP
                0x20020000                __stack = (ORIGIN (RAM) + 0x20000)
                0x20020000                _estack = __stack
                0x00000400                __Main_Stack_Size = 0x400
                0x00000400                PROVIDE (_Main_Stack_Size, __Main_Stack_Size)
                0x2001fc00                __Main_Stack_Limit = (__stack - __Main_Stack_Size)
                0x2001fc00                PROVIDE (_Main_Stack_Limit, __Main_Stack_Limit)
                0x00000100                _Minimum_Stack_Size = 0x100
                0x2000000c                PROVIDE (_Heap_Begin, _end_noinit)
                0x2001fc00                PROVIDE (_Heap_Limit, (__stack - __Main_Stack_Size))

.isr_vector     0x08000000      0x270
                0x08000000                . = ALIGN (0x4)
 *(.isr_vector)
 .isr_vector    0x08000000      0x188 ./system/src/CMSIS/vectors_stm32f4xx.o
                0x08000000                __isr_vectors
 *(.cfmconfig)
 *(.after_vectors .after_vectors.*)
 .after_vectors
                0x08000188       0xbc ./system/src/newlib/_startup.o
                0x08000188                _start
 .after_vectors
                0x08000244       0x28 ./system/src/cortexm/exception_handlers.o
                0x08000244                Reset_Handler
                0x08000248                NMI_Handler
                0x0800024c                HardFault_Handler
                0x08000250                MemManage_Handler
                0x08000254                BusFault_Handler
                0x08000258                UsageFault_Handler
                0x0800025c                SVC_Handler
                0x08000260                DebugMon_Handler
                0x08000264                PendSV_Handler
                0x08000268                SysTick_Handler
 .after_vectors
                0x0800026c        0x4 ./system/src/CMSIS/vectors_stm32f4xx.o
                0x0800026c                RTC_Alarm_IRQHandler
                0x0800026c                HASH_RNG_IRQHandler
                0x0800026c                EXTI2_IRQHandler
                0x0800026c                TIM8_CC_IRQHandler
                0x0800026c                SPI4_IRQHandler
                0x0800026c                TIM1_CC_IRQHandler
                0x0800026c                DMA2_Stream5_IRQHandler
                0x0800026c                DMA1_Stream5_IRQHandler
                0x0800026c                PVD_IRQHandler
                0x0800026c                SDIO_IRQHandler
                0x0800026c                TAMP_STAMP_IRQHandler
                0x0800026c                CAN2_RX1_IRQHandler
                0x0800026c                EXTI3_IRQHandler
                0x0800026c                TIM8_TRG_COM_TIM14_IRQHandler
                0x0800026c                TIM1_UP_TIM10_IRQHandler
                0x0800026c                TIM8_UP_TIM13_IRQHandler
                0x0800026c                I2C3_ER_IRQHandler
                0x0800026c                EXTI0_IRQHandler
                0x0800026c                I2C2_EV_IRQHandler
                0x0800026c                DMA1_Stream2_IRQHandler
                0x0800026c                CAN1_RX0_IRQHandler
                0x0800026c                FPU_IRQHandler
                0x0800026c                OTG_HS_WKUP_IRQHandler
                0x0800026c                CAN2_SCE_IRQHandler
                0x0800026c                DMA2_Stream2_IRQHandler
                0x0800026c                SPI1_IRQHandler
                0x0800026c                TIM6_DAC_IRQHandler
                0x0800026c                TIM1_BRK_TIM9_IRQHandler
                0x0800026c                DCMI_IRQHandler
                0x0800026c                CAN2_RX0_IRQHandler
                0x0800026c                DMA2_Stream3_IRQHandler
                0x0800026c                USART6_IRQHandler
                0x0800026c                USART3_IRQHandler
                0x0800026c                CRYP_IRQHandler
                0x0800026c                CAN1_RX1_IRQHandler
                0x0800026c                UART5_IRQHandler
                0x0800026c                DMA2_Stream0_IRQHandler
                0x0800026c                TIM4_IRQHandler
                0x0800026c                I2C1_EV_IRQHandler
                0x0800026c                DMA1_Stream6_IRQHandler
                0x0800026c                DMA1_Stream1_IRQHandler
                0x0800026c                UART4_IRQHandler
                0x0800026c                TIM3_IRQHandler
                0x0800026c                RCC_IRQHandler
                0x0800026c                TIM8_BRK_TIM12_IRQHandler
                0x0800026c                Default_Handler
                0x0800026c                EXTI15_10_IRQHandler
                0x0800026c                ADC_IRQHandler
                0x0800026c                DMA1_Stream7_IRQHandler
                0x0800026c                SPI5_IRQHandler
                0x0800026c                TIM7_IRQHandler
                0x0800026c                CAN2_TX_IRQHandler
                0x0800026c                TIM5_IRQHandler
                0x0800026c                DMA2_Stream7_IRQHandler
                0x0800026c                I2C3_EV_IRQHandler
                0x0800026c                EXTI9_5_IRQHandler
                0x0800026c                RTC_WKUP_IRQHandler
                0x0800026c                ETH_WKUP_IRQHandler
                0x0800026c                SPI2_IRQHandler
                0x0800026c                OTG_HS_EP1_IN_IRQHandler
                0x0800026c                DMA1_Stream0_IRQHandler
                0x0800026c                CAN1_TX_IRQHandler
                0x0800026c                EXTI4_IRQHandler
                0x0800026c                FSMC_IRQHandler
                0x0800026c                ETH_IRQHandler
                0x0800026c                OTG_HS_EP1_OUT_IRQHandler
                0x0800026c                WWDG_IRQHandler
                0x0800026c                OTG_FS_WKUP_IRQHandler
                0x0800026c                TIM1_TRG_COM_TIM11_IRQHandler
                0x0800026c                OTG_HS_IRQHandler
                0x0800026c                EXTI1_IRQHandler
                0x0800026c                USART2_IRQHandler
                0x0800026c                I2C2_ER_IRQHandler
                0x0800026c                DMA2_Stream1_IRQHandler
                0x0800026c                CAN1_SCE_IRQHandler
                0x0800026c                FLASH_IRQHandler
                0x0800026c                DMA2_Stream4_IRQHandler
                0x0800026c                USART1_IRQHandler
                0x0800026c                OTG_FS_IRQHandler
                0x0800026c                SPI3_IRQHandler
                0x0800026c                DMA1_Stream4_IRQHandler
                0x0800026c                I2C1_ER_IRQHandler
                0x0800026c                DMA2_Stream6_IRQHandler
                0x0800026c                DMA1_Stream3_IRQHandler
                0x08000270                . = ALIGN (0x4)

.inits          0x08000270        0x0
                0x08000270                . = ALIGN (0x4)
 *(.init)
 *(.fini)
                0x08000270                . = ALIGN (0x4)
                0x08000270                PROVIDE (__preinit_array_start, .)
 *(.preinit_array_sysinit .preinit_array_sysinit.*)
 *(.preinit_array_platform .preinit_array_platform.*)
 *(.preinit_array .preinit_array.*)
                0x08000270                PROVIDE (__preinit_array_end, .)
                0x08000270                . = ALIGN (0x4)
                0x08000270                PROVIDE (__init_array_start, .)
 *(SORT(.init_array.*))
 *(.init_array)
                0x08000270                PROVIDE (__init_array_end, .)
                0x08000270                . = ALIGN (0x4)
                0x08000270                PROVIDE (__fini_array_start, .)
 *(SORT(.fini_array.*))
 *(.fini_array)
                0x08000270                PROVIDE (__fini_array_end, .)
                0x08000270                . = ALIGN (0x4)

.flashtext      0x08000270        0x0
                0x08000270                . = ALIGN (0x4)
 *(.flashtext .flashtext.*)
                0x08000270                . = ALIGN (0x4)

.text           0x08000270      0xab0
                0x08000270                . = ALIGN (0x4)
 *(.text .text.*)
 .text._exit    0x08000270        0x8 ./system/src/newlib/_exit.o
                0x08000270                _exit
 .text.abort    0x08000278        0x8 ./system/src/newlib/_exit.o
                0x08000278                abort
 .text.__initialize_args
                0x08000280       0x10 ./system/src/newlib/_syscalls.o
                0x08000280                __initialize_args
 .text.assert_failed
                0x08000290        0x8 ./system/src/newlib/assert.o
                0x08000290                assert_failed
 .text.__initialize_hardware
                0x08000298        0x8 ./system/src/cortexm/_initialize_hardware.o
                0x08000298                __initialize_hardware
 .text.__reset_hardware
                0x080002a0       0x20 ./system/src/cortexm/_reset_hardware.o
                0x080002a0                __reset_hardware
 .text.NVIC_Init
                0x080002c0       0xa0 ./system/src/DEVICE/misc.o
                0x080002c0                NVIC_Init
 .text.GPIO_Init
                0x08000360      0x150 ./system/src/DEVICE/stm32f4xx_gpio.o
                0x08000360                GPIO_Init
 .text.GPIO_WriteBit
                0x080004b0       0xe4 ./system/src/DEVICE/stm32f4xx_gpio.o
                0x080004b0                GPIO_WriteBit
 .text.GPIO_ToggleBits
                0x08000594       0x78 ./system/src/DEVICE/stm32f4xx_gpio.o
                0x08000594                GPIO_ToggleBits
 .text.RCC_AHB1PeriphClockCmd
                0x0800060c       0x4c ./system/src/DEVICE/stm32f4xx_rcc.o
                0x0800060c                RCC_AHB1PeriphClockCmd
 .text.RCC_APB1PeriphClockCmd
                0x08000658       0x4c ./system/src/DEVICE/stm32f4xx_rcc.o
                0x08000658                RCC_APB1PeriphClockCmd
 .text.TIM_TimeBaseInit
                0x080006a4      0x134 ./system/src/DEVICE/stm32f4xx_tim.o
                0x080006a4                TIM_TimeBaseInit
 .text.TIM_Cmd  0x080007d8       0xb0 ./system/src/DEVICE/stm32f4xx_tim.o
                0x080007d8                TIM_Cmd
 .text.TIM_ITConfig
                0x08000888       0xc0 ./system/src/DEVICE/stm32f4xx_tim.o
                0x08000888                TIM_ITConfig
 .text.TIM_GetITStatus
                0x08000948       0xc8 ./system/src/DEVICE/stm32f4xx_tim.o
                0x08000948                TIM_GetITStatus
 .text.TIM_ClearITPendingBit
                0x08000a10       0x8c ./system/src/DEVICE/stm32f4xx_tim.o
                0x08000a10                TIM_ClearITPendingBit
 .text.SetSysClock
                0x08000a9c       0xc4 ./system/src/CMSIS/system_stm32f4xx.o
 .text.SystemInit
                0x08000b60       0x44 ./system/src/CMSIS/system_stm32f4xx.o
                0x08000b60                SystemInit
 .text.TimerInit
                0x08000ba4       0x50 ./src/main.o
                0x08000ba4                TimerInit
 .text.LEDInit  0x08000bf4       0x38 ./src/main.o
                0x08000bf4                LEDInit
 .text.EnableTimerInterrupt
                0x08000c2c       0x28 ./src/main.o
                0x08000c2c                EnableTimerInterrupt
 .text.main     0x08000c54       0x10 ./src/main.o
                0x08000c54                main
 .text.TIM2_IRQHandler
                0x08000c64       0x28 ./src/main.o
                0x08000c64                TIM2_IRQHandler
 *(.rodata .rodata.*)
 .rodata.str1.4
                0x08000c8c       0x1c ./system/src/DEVICE/misc.o
 .rodata.str1.4
                0x08000ca8       0x26 ./system/src/DEVICE/stm32f4xx_gpio.o
                                 0x28 (size before relaxing)
 *fill*         0x08000cce        0x2 
 .rodata.str1.4
                0x08000cd0       0x25 ./system/src/DEVICE/stm32f4xx_rcc.o
                                 0x28 (size before relaxing)
 *fill*         0x08000cf5        0x3 
 .rodata.str1.4
                0x08000cf8       0x28 ./system/src/DEVICE/stm32f4xx_tim.o
 *(vtable)
 *(.eh_frame*)
 *(.glue_7)
 .glue_7        0x00000000        0x0 linker stubs
 *(.glue_7t)
 .glue_7t       0x00000000        0x0 linker stubs

.vfp11_veneer   0x08000d20        0x0
 .vfp11_veneer  0x00000000        0x0 linker stubs

.v4_bx          0x08000d20        0x0
 .v4_bx         0x00000000        0x0 linker stubs

.iplt           0x08000d20        0x0
 .iplt          0x00000000        0x0 ./system/src/newlib/_cxx.o

.rel.dyn        0x08000d20        0x0
 .rel.iplt      0x00000000        0x0 ./system/src/newlib/_cxx.o

.ARM.extab
 *(.ARM.extab* .gnu.linkonce.armextab.*)
                0x08000d20                __exidx_start = .

.ARM.exidx
 *(.ARM.exidx* .gnu.linkonce.armexidx.*)
                0x08000d20                __exidx_end = .
                0x08000d20                . = ALIGN (0x4)
                0x08000d20                _etext = .
                0x08000d20                __etext = .
                0x08000d20                _sidata = _etext

.data           0x20000000        0x8 load address 0x08000d20
                0x20000000                . = ALIGN (0x4)
                0x20000000                _sdata = .
                0x20000000                __data_start__ = .
 *(.data_begin .data_begin.*)
 *(.data .data.*)
 .data.argv.4014
                0x20000000        0x8 ./system/src/newlib/_syscalls.o
 *(.data_end .data_end.*)
                0x20000008                . = ALIGN (0x4)
                0x20000008                _edata = .
                0x20000008                __data_end__ = .

.igot.plt       0x20000008        0x0 load address 0x08000d28
 .igot.plt      0x00000000        0x0 ./system/src/newlib/_cxx.o

.bss            0x20000008        0x4 load address 0x08000d28
                0x20000008                . = ALIGN (0x4)
                0x20000008                __bss_start__ = .
                0x20000008                _sbss = .
 *(.bss_begin .bss_begin.*)
 *(.bss .bss.*)
 .bss.name.4013
                0x20000008        0x4 ./system/src/newlib/_syscalls.o
 *(COMMON)
 *(.bss_end .bss_end.*)
                0x2000000c                . = ALIGN (0x4)
                0x2000000c                __bss_end__ = .
                0x2000000c                _ebss = .

.noinit         0x2000000c        0x0
                0x2000000c                . = ALIGN (0x4)
                0x2000000c                _noinit = .
 *(.noinit .noinit.*)
                0x2000000c                . = ALIGN (0x4)
                0x2000000c                _end_noinit = .
                0x2000000c                PROVIDE (end, _end_noinit)
                0x2000000c                PROVIDE (_end, _end_noinit)
                0x2000000c                PROVIDE (__end, _end_noinit)
                0x2000000c                PROVIDE (__end__, _end_noinit)

._check_stack   0x2000000c      0x100 load address 0x08000d2c
                0x2000000c                . = ALIGN (0x4)
                0x2000010c                . = (. + _Minimum_Stack_Size)
 *fill*         0x2000000c      0x100 
                0x2000010c                . = ALIGN (0x4)

.bss_CCMRAM
 *(.bss.CCMRAM .bss.CCMRAM.*)

.b1text
 *(.b1text)
 *(.b1rodata)
 *(.b1rodata.*)

.eb0text
 *(.eb0text)
 *(.eb0rodata)
 *(.eb0rodata.*)

.eb1text
 *(.eb1text)
 *(.eb1rodata)
 *(.eb1rodata.*)

.eb2text
 *(.eb2text)
 *(.eb2rodata)
 *(.eb2rodata.*)

.eb3text
 *(.eb3text)
 *(.eb3rodata)
 *(.eb3rodata.*)

.stab
 *(.stab)

.stabstr
 *(.stabstr)

.stab.excl
 *(.stab.excl)

.stab.exclstr
 *(.stab.exclstr)

.stab.index
 *(.stab.index)

.stab.indexstr
 *(.stab.indexstr)

.comment        0x00000000       0x70
 *(.comment)
 .comment       0x00000000       0x70 ./system/src/newlib/_exit.o
                                 0x71 (size before relaxing)
 .comment       0x00000000       0x71 ./system/src/newlib/_startup.o
 .comment       0x00000000       0x71 ./system/src/newlib/_syscalls.o
 .comment       0x00000000       0x71 ./system/src/newlib/assert.o
 .comment       0x00000000       0x71 ./system/src/cortexm/_initialize_hardware.o
 .comment       0x00000000       0x71 ./system/src/cortexm/_reset_hardware.o
 .comment       0x00000000       0x71 ./system/src/cortexm/exception_handlers.o
 .comment       0x00000000       0x71 ./system/src/DEVICE/misc.o
 .comment       0x00000000       0x71 ./system/src/DEVICE/stm32f4xx_gpio.o
 .comment       0x00000000       0x71 ./system/src/DEVICE/stm32f4xx_rcc.o
 .comment       0x00000000       0x71 ./system/src/DEVICE/stm32f4xx_tim.o
 .comment       0x00000000       0x71 ./system/src/CMSIS/system_stm32f4xx.o
 .comment       0x00000000       0x71 ./system/src/CMSIS/vectors_stm32f4xx.o
 .comment       0x00000000       0x71 ./src/main.o

.ARM.attributes
                0x00000000       0x33
 .ARM.attributes
                0x00000000       0x33 ./system/src/newlib/_exit.o
 .ARM.attributes
                0x00000033       0x33 ./system/src/newlib/_startup.o
 .ARM.attributes
                0x00000066       0x33 ./system/src/newlib/_syscalls.o
 .ARM.attributes
                0x00000099       0x33 ./system/src/newlib/assert.o
 .ARM.attributes
                0x000000cc       0x33 ./system/src/cortexm/_initialize_hardware.o
 .ARM.attributes
                0x000000ff       0x33 ./system/src/cortexm/_reset_hardware.o
 .ARM.attributes
                0x00000132       0x33 ./system/src/cortexm/exception_handlers.o
 .ARM.attributes
                0x00000165       0x33 ./system/src/DEVICE/misc.o
 .ARM.attributes
                0x00000198       0x33 ./system/src/DEVICE/stm32f4xx_gpio.o
 .ARM.attributes
                0x000001cb       0x33 ./system/src/DEVICE/stm32f4xx_rcc.o
 .ARM.attributes
                0x000001fe       0x33 ./system/src/DEVICE/stm32f4xx_tim.o
 .ARM.attributes
                0x00000231       0x33 ./system/src/CMSIS/system_stm32f4xx.o
 .ARM.attributes
                0x00000264       0x33 ./system/src/CMSIS/vectors_stm32f4xx.o
 .ARM.attributes
                0x00000297       0x33 ./src/main.o

.debug
 *(.debug)

.line
 *(.line)

.debug_srcinfo
 *(.debug_srcinfo)

.debug_sfnames
 *(.debug_sfnames)

.debug_aranges  0x00000000      0x778
 *(.debug_aranges)
 .debug_aranges
                0x00000000       0x28 ./system/src/newlib/_exit.o
 .debug_aranges
                0x00000028       0x40 ./system/src/newlib/_startup.o
 .debug_aranges
                0x00000068       0x30 ./system/src/newlib/_syscalls.o
 .debug_aranges
                0x00000098       0x28 ./system/src/newlib/assert.o
 .debug_aranges
                0x000000c0       0x20 ./system/src/cortexm/_initialize_hardware.o
 .debug_aranges
                0x000000e0       0x20 ./system/src/cortexm/_reset_hardware.o
 .debug_aranges
                0x00000100       0x68 ./system/src/cortexm/exception_handlers.o
 .debug_aranges
                0x00000168       0x40 ./system/src/DEVICE/misc.o
 .debug_aranges
                0x000001a8       0x88 ./system/src/DEVICE/stm32f4xx_gpio.o
 .debug_aranges
                0x00000230      0x1c0 ./system/src/DEVICE/stm32f4xx_rcc.o
 .debug_aranges
                0x000003f0      0x2f8 ./system/src/DEVICE/stm32f4xx_tim.o
 .debug_aranges
                0x000006e8       0x30 ./system/src/CMSIS/system_stm32f4xx.o
 .debug_aranges
                0x00000718       0x20 ./system/src/CMSIS/vectors_stm32f4xx.o
 .debug_aranges
                0x00000738       0x40 ./src/main.o

.debug_pubnames
 *(.debug_pubnames)

.debug_info     0x00000000     0x7d36
 *(.debug_info .gnu.linkonce.wi.*)
 .debug_info    0x00000000      0x104 ./system/src/newlib/_exit.o
 .debug_info    0x00000104      0x40e ./system/src/newlib/_startup.o
 .debug_info    0x00000512      0x1a9 ./system/src/newlib/_syscalls.o
 .debug_info    0x000006bb      0x168 ./system/src/newlib/assert.o
 .debug_info    0x00000823       0xb9 ./system/src/cortexm/_initialize_hardware.o
 .debug_info    0x000008dc      0x295 ./system/src/cortexm/_reset_hardware.o
 .debug_info    0x00000b71       0xd4 ./system/src/cortexm/exception_handlers.o
 .debug_info    0x00000c45      0x63b ./system/src/DEVICE/misc.o
 .debug_info    0x00001280      0xb46 ./system/src/DEVICE/stm32f4xx_gpio.o
 .debug_info    0x00001dc6     0x1655 ./system/src/DEVICE/stm32f4xx_rcc.o
 .debug_info    0x0000341b     0x3851 ./system/src/DEVICE/stm32f4xx_tim.o
 .debug_info    0x00006c6c      0x5ab ./system/src/CMSIS/system_stm32f4xx.o
 .debug_info    0x00007217       0x92 ./system/src/CMSIS/vectors_stm32f4xx.o
 .debug_info    0x000072a9      0xa8d ./src/main.o

.debug_abbrev   0x00000000     0x109e
 *(.debug_abbrev)
 .debug_abbrev  0x00000000       0xbb ./system/src/newlib/_exit.o
 .debug_abbrev  0x000000bb      0x1ae ./system/src/newlib/_startup.o
 .debug_abbrev  0x00000269       0xe7 ./system/src/newlib/_syscalls.o
 .debug_abbrev  0x00000350       0xb6 ./system/src/newlib/assert.o
 .debug_abbrev  0x00000406       0x88 ./system/src/cortexm/_initialize_hardware.o
 .debug_abbrev  0x0000048e       0xea ./system/src/cortexm/_reset_hardware.o
 .debug_abbrev  0x00000578       0x2f ./system/src/cortexm/exception_handlers.o
 .debug_abbrev  0x000005a7      0x188 ./system/src/DEVICE/misc.o
 .debug_abbrev  0x0000072f      0x1ec ./system/src/DEVICE/stm32f4xx_gpio.o
 .debug_abbrev  0x0000091b      0x1ff ./system/src/DEVICE/stm32f4xx_rcc.o
 .debug_abbrev  0x00000b1a      0x1e3 ./system/src/DEVICE/stm32f4xx_tim.o
 .debug_abbrev  0x00000cfd      0x13d ./system/src/CMSIS/system_stm32f4xx.o
 .debug_abbrev  0x00000e3a       0x92 ./system/src/CMSIS/vectors_stm32f4xx.o
 .debug_abbrev  0x00000ecc      0x1d2 ./src/main.o

.debug_line     0x00000000     0x41db
 *(.debug_line)
 .debug_line    0x00000000      0x2b1 ./system/src/newlib/_exit.o
 .debug_line    0x000002b1      0x30b ./system/src/newlib/_startup.o
 .debug_line    0x000005bc      0x367 ./system/src/newlib/_syscalls.o
 .debug_line    0x00000923      0x2da ./system/src/newlib/assert.o
 .debug_line    0x00000bfd      0x38e ./system/src/cortexm/_initialize_hardware.o
 .debug_line    0x00000f8b      0x39b ./system/src/cortexm/_reset_hardware.o
 .debug_line    0x00001326       0x9e ./system/src/cortexm/exception_handlers.o
 .debug_line    0x000013c4      0x409 ./system/src/DEVICE/misc.o
 .debug_line    0x000017cd      0x5b9 ./system/src/DEVICE/stm32f4xx_gpio.o
 .debug_line    0x00001d86      0xa15 ./system/src/DEVICE/stm32f4xx_rcc.o
 .debug_line    0x0000279b     0x1210 ./system/src/DEVICE/stm32f4xx_tim.o
 .debug_line    0x000039ab      0x3ed ./system/src/CMSIS/system_stm32f4xx.o
 .debug_line    0x00003d98       0x89 ./system/src/CMSIS/vectors_stm32f4xx.o
 .debug_line    0x00003e21      0x3ba ./src/main.o

.debug_frame    0x00000000     0x1498
 *(.debug_frame)
 .debug_frame   0x00000000       0x40 ./system/src/newlib/_exit.o
 .debug_frame   0x00000040       0x80 ./system/src/newlib/_startup.o
 .debug_frame   0x000000c0       0x50 ./system/src/newlib/_syscalls.o
 .debug_frame   0x00000110       0x40 ./system/src/newlib/assert.o
 .debug_frame   0x00000150       0x28 ./system/src/cortexm/_initialize_hardware.o
 .debug_frame   0x00000178       0x20 ./system/src/cortexm/_reset_hardware.o
 .debug_frame   0x00000198       0xb0 ./system/src/cortexm/exception_handlers.o
 .debug_frame   0x00000248       0x90 ./system/src/DEVICE/misc.o
 .debug_frame   0x000002d8      0x18c ./system/src/DEVICE/stm32f4xx_gpio.o
 .debug_frame   0x00000464      0x54c ./system/src/DEVICE/stm32f4xx_rcc.o
 .debug_frame   0x000009b0      0x9ec ./system/src/DEVICE/stm32f4xx_tim.o
 .debug_frame   0x0000139c       0x4c ./system/src/CMSIS/system_stm32f4xx.o
 .debug_frame   0x000013e8       0x20 ./system/src/CMSIS/vectors_stm32f4xx.o
 .debug_frame   0x00001408       0x90 ./src/main.o

.debug_str      0x00000000    0x6337a
 *(.debug_str)
 .debug_str     0x00000000     0x4db5 ./system/src/newlib/_exit.o
                               0x4ec4 (size before relaxing)
 .debug_str     0x00004db5      0xad1 ./system/src/newlib/_startup.o
                               0x3f4d (size before relaxing)
 .debug_str     0x00005886     0x109c ./system/src/newlib/_syscalls.o
                               0x50d8 (size before relaxing)
 .debug_str     0x00006922       0xfb ./system/src/newlib/assert.o
                               0x59bf (size before relaxing)
 .debug_str     0x00006a1d    0x5a2c6 ./system/src/cortexm/_initialize_hardware.o
                              0x5d1d3 (size before relaxing)
 .debug_str     0x00060ce3       0x9d ./system/src/cortexm/_reset_hardware.o
                              0x5d244 (size before relaxing)
 .debug_str     0x00060d80       0xe8 ./system/src/cortexm/exception_handlers.o
                               0x24ee (size before relaxing)
 .debug_str     0x00060e68      0x228 ./system/src/DEVICE/misc.o
                              0x5d41f (size before relaxing)
 .debug_str     0x00061090      0x2dd ./system/src/DEVICE/stm32f4xx_gpio.o
                              0x5d4e3 (size before relaxing)
 .debug_str     0x0006136d      0xd33 ./system/src/DEVICE/stm32f4xx_rcc.o
                              0x5df8f (size before relaxing)
 .debug_str     0x000620a0      0xc2c ./system/src/DEVICE/stm32f4xx_tim.o
                              0x5dee1 (size before relaxing)
 .debug_str     0x00062ccc       0xd9 ./system/src/CMSIS/system_stm32f4xx.o
                              0x5d40f (size before relaxing)
 .debug_str     0x00062da5       0x64 ./system/src/CMSIS/vectors_stm32f4xx.o
                               0x249f (size before relaxing)
 .debug_str     0x00062e09      0x571 ./src/main.o
                              0x5db50 (size before relaxing)

.debug_loc      0x00000000     0x4645
 *(.debug_loc)
 .debug_loc     0x00000000       0x21 ./system/src/newlib/_exit.o
 .debug_loc     0x00000021      0x265 ./system/src/newlib/_startup.o
 .debug_loc     0x00000286       0x63 ./system/src/newlib/_syscalls.o
 .debug_loc     0x000002e9       0xc6 ./system/src/newlib/assert.o
 .debug_loc     0x000003af      0x1d3 ./system/src/DEVICE/misc.o
 .debug_loc     0x00000582      0x4b3 ./system/src/DEVICE/stm32f4xx_gpio.o
 .debug_loc     0x00000a35     0x1258 ./system/src/DEVICE/stm32f4xx_rcc.o
 .debug_loc     0x00001c8d     0x2851 ./system/src/DEVICE/stm32f4xx_tim.o
 .debug_loc     0x000044de      0x125 ./system/src/CMSIS/system_stm32f4xx.o
 .debug_loc     0x00004603       0x42 ./src/main.o

.debug_macinfo
 *(.debug_macinfo)

.debug_weaknames
 *(.debug_weaknames)

.debug_funcnames
 *(.debug_funcnames)

.debug_typenames
 *(.debug_typenames)

.debug_varnames
 *(.debug_varnames)
OUTPUT(test.elf elf32-littlearm)

.debug_ranges   0x00000000      0x698
 .debug_ranges  0x00000000       0x18 ./system/src/newlib/_exit.o
 .debug_ranges  0x00000018       0x30 ./system/src/newlib/_startup.o
 .debug_ranges  0x00000048       0x20 ./system/src/newlib/_syscalls.o
 .debug_ranges  0x00000068       0x18 ./system/src/newlib/assert.o
 .debug_ranges  0x00000080       0x10 ./system/src/cortexm/_initialize_hardware.o
 .debug_ranges  0x00000090       0x10 ./system/src/cortexm/_reset_hardware.o
 .debug_ranges  0x000000a0       0x58 ./system/src/cortexm/exception_handlers.o
 .debug_ranges  0x000000f8       0x30 ./system/src/DEVICE/misc.o
 .debug_ranges  0x00000128       0x78 ./system/src/DEVICE/stm32f4xx_gpio.o
 .debug_ranges  0x000001a0      0x1b0 ./system/src/DEVICE/stm32f4xx_rcc.o
 .debug_ranges  0x00000350      0x2e8 ./system/src/DEVICE/stm32f4xx_tim.o
 .debug_ranges  0x00000638       0x20 ./system/src/CMSIS/system_stm32f4xx.o
 .debug_ranges  0x00000658       0x10 ./system/src/CMSIS/vectors_stm32f4xx.o
 .debug_ranges  0x00000668       0x30 ./src/main.o

.debug_macro    0x00000000    0x10dfe
 .debug_macro   0x00000000      0x11b ./system/src/newlib/_exit.o
 .debug_macro   0x0000011b      0x85c ./system/src/newlib/_exit.o
 .debug_macro   0x00000977       0xa3 ./system/src/newlib/_exit.o
 .debug_macro   0x00000a1a      0x10e ./system/src/newlib/_exit.o
 .debug_macro   0x00000b28       0x86 ./system/src/newlib/_exit.o
 .debug_macro   0x00000bae       0x43 ./system/src/newlib/_exit.o
 .debug_macro   0x00000bf1       0x10 ./system/src/newlib/_exit.o
 .debug_macro   0x00000c01       0x35 ./system/src/newlib/_exit.o
 .debug_macro   0x00000c36       0xbf ./system/src/newlib/_startup.o
 .debug_macro   0x00000cf5      0x34e ./system/src/newlib/_startup.o
 .debug_macro   0x00001043      0x169 ./system/src/newlib/_syscalls.o
 .debug_macro   0x000011ac       0x1c ./system/src/newlib/_syscalls.o
 .debug_macro   0x000011c8       0x10 ./system/src/newlib/_syscalls.o
 .debug_macro   0x000011d8       0x10 ./system/src/newlib/_syscalls.o
 .debug_macro   0x000011e8       0x10 ./system/src/newlib/_syscalls.o
 .debug_macro   0x000011f8       0x35 ./system/src/newlib/_syscalls.o
 .debug_macro   0x0000122d      0x120 ./system/src/newlib/_syscalls.o
 .debug_macro   0x0000134d       0x22 ./system/src/newlib/_syscalls.o
 .debug_macro   0x0000136f       0x2b ./system/src/newlib/_syscalls.o
 .debug_macro   0x0000139a      0x118 ./system/src/newlib/_syscalls.o
 .debug_macro   0x000014b2      0x13a ./system/src/newlib/_syscalls.o
 .debug_macro   0x000015ec       0x16 ./system/src/newlib/_syscalls.o
 .debug_macro   0x00001602      0x137 ./system/src/newlib/assert.o
 .debug_macro   0x00001739       0x1c ./system/src/newlib/assert.o
 .debug_macro   0x00001755      0x181 ./system/src/cortexm/_initialize_hardware.o
 .debug_macro   0x000018d6       0x70 ./system/src/cortexm/_initialize_hardware.o
 .debug_macro   0x00001946       0x3b ./system/src/cortexm/_initialize_hardware.o
 .debug_macro   0x00001981       0x2d ./system/src/cortexm/_initialize_hardware.o
 .debug_macro   0x000019ae       0x26 ./system/src/cortexm/_initialize_hardware.o
 .debug_macro   0x000019d4      0xd39 ./system/src/cortexm/_initialize_hardware.o
 .debug_macro   0x0000270d     0x8c04 ./system/src/cortexm/_initialize_hardware.o
 .debug_macro   0x0000b311      0x44f ./system/src/cortexm/_initialize_hardware.o
 .debug_macro   0x0000b760       0xb2 ./system/src/cortexm/_initialize_hardware.o
 .debug_macro   0x0000b812      0x477 ./system/src/cortexm/_initialize_hardware.o
 .debug_macro   0x0000bc89       0xae ./system/src/cortexm/_initialize_hardware.o
 .debug_macro   0x0000bd37      0x41c ./system/src/cortexm/_initialize_hardware.o
 .debug_macro   0x0000c153      0x2e6 ./system/src/cortexm/_initialize_hardware.o
 .debug_macro   0x0000c439      0x2bb ./system/src/cortexm/_initialize_hardware.o
 .debug_macro   0x0000c6f4       0x64 ./system/src/cortexm/_initialize_hardware.o
 .debug_macro   0x0000c758       0xe7 ./system/src/cortexm/_initialize_hardware.o
 .debug_macro   0x0000c83f      0x64a ./system/src/cortexm/_initialize_hardware.o
 .debug_macro   0x0000ce89      0x57b ./system/src/cortexm/_initialize_hardware.o
 .debug_macro   0x0000d404      0x342 ./system/src/cortexm/_initialize_hardware.o
 .debug_macro   0x0000d746      0x36c ./system/src/cortexm/_initialize_hardware.o
 .debug_macro   0x0000dab2       0xf7 ./system/src/cortexm/_initialize_hardware.o
 .debug_macro   0x0000dba9      0x73b ./system/src/cortexm/_initialize_hardware.o
 .debug_macro   0x0000e2e4      0x223 ./system/src/cortexm/_initialize_hardware.o
 .debug_macro   0x0000e507       0x34 ./system/src/cortexm/_initialize_hardware.o
 .debug_macro   0x0000e53b       0x82 ./system/src/cortexm/_initialize_hardware.o
 .debug_macro   0x0000e5bd      0x144 ./system/src/cortexm/_initialize_hardware.o
 .debug_macro   0x0000e701       0xc3 ./system/src/cortexm/_initialize_hardware.o
 .debug_macro   0x0000e7c4       0x40 ./system/src/cortexm/_initialize_hardware.o
 .debug_macro   0x0000e804      0x3cf ./system/src/cortexm/_initialize_hardware.o
 .debug_macro   0x0000ebd3      0x188 ./system/src/cortexm/_initialize_hardware.o
 .debug_macro   0x0000ed5b      0x149 ./system/src/cortexm/_initialize_hardware.o
 .debug_macro   0x0000eea4      0x279 ./system/src/cortexm/_initialize_hardware.o
 .debug_macro   0x0000f11d       0x35 ./system/src/cortexm/_initialize_hardware.o
 .debug_macro   0x0000f152      0x181 ./system/src/cortexm/_reset_hardware.o
 .debug_macro   0x0000f2d3       0x1b ./system/src/cortexm/exception_handlers.o
 .debug_macro   0x0000f2ee      0x187 ./system/src/DEVICE/misc.o
 .debug_macro   0x0000f475       0x7c ./system/src/DEVICE/misc.o
 .debug_macro   0x0000f4f1      0x181 ./system/src/DEVICE/stm32f4xx_gpio.o
 .debug_macro   0x0000f672      0x2e0 ./system/src/DEVICE/stm32f4xx_gpio.o
 .debug_macro   0x0000f952      0x24b ./system/src/DEVICE/stm32f4xx_rcc.o
 .debug_macro   0x0000fb9d      0x644 ./system/src/DEVICE/stm32f4xx_rcc.o
 .debug_macro   0x000101e1      0x1ab ./system/src/DEVICE/stm32f4xx_tim.o
 .debug_macro   0x0001038c      0x735 ./system/src/DEVICE/stm32f4xx_tim.o
 .debug_macro   0x00010ac1      0x19b ./system/src/CMSIS/system_stm32f4xx.o
 .debug_macro   0x00010c5c       0x21 ./system/src/CMSIS/vectors_stm32f4xx.o
 .debug_macro   0x00010c7d      0x181 ./src/main.o
