Archive member included because of file (symbol)

c:/program files (x86)/gnu tools arm embedded/4.8 2014q3/bin/../lib/gcc/arm-none-eabi/4.8.4/armv7e-m/fpu\libgcc.a(_arm_addsubdf3.o)
                              ./src/main.o (__aeabi_f2d)
c:/program files (x86)/gnu tools arm embedded/4.8 2014q3/bin/../lib/gcc/arm-none-eabi/4.8.4/armv7e-m/fpu\libgcc.a(_arm_muldivdf3.o)
                              ./src/main.o (__aeabi_dmul)
c:/program files (x86)/gnu tools arm embedded/4.8 2014q3/bin/../lib/gcc/arm-none-eabi/4.8.4/armv7e-m/fpu\libgcc.a(_arm_fixunsdfsi.o)
                              ./src/main.o (__aeabi_d2uiz)
c:/program files (x86)/gnu tools arm embedded/4.8 2014q3/bin/../lib/gcc/arm-none-eabi/4.8.4/armv7e-m/fpu\libgcc.a(unwind-arm.o)
                              ./system/src/newlib/_cxx.o (__aeabi_unwind_cpp_pr1)
c:/program files (x86)/gnu tools arm embedded/4.8 2014q3/bin/../lib/gcc/arm-none-eabi/4.8.4/armv7e-m/fpu\libgcc.a(libunwind.o)
                              c:/program files (x86)/gnu tools arm embedded/4.8 2014q3/bin/../lib/gcc/arm-none-eabi/4.8.4/armv7e-m/fpu\libgcc.a(unwind-arm.o) (restore_core_regs)
c:/program files (x86)/gnu tools arm embedded/4.8 2014q3/bin/../lib/gcc/arm-none-eabi/4.8.4/armv7e-m/fpu\libgcc.a(pr-support.o)
                              c:/program files (x86)/gnu tools arm embedded/4.8 2014q3/bin/../lib/gcc/arm-none-eabi/4.8.4/armv7e-m/fpu\libgcc.a(unwind-arm.o) (__gnu_unwind_execute)
c:/program files (x86)/gnu tools arm embedded/4.8 2014q3/bin/../lib/gcc/arm-none-eabi/4.8.4/../../../../arm-none-eabi/lib/armv7e-m/fpu\libg_s.a(lib_a-errno.o)
                              ./system/src/newlib/_sbrk.o (__errno)
c:/program files (x86)/gnu tools arm embedded/4.8 2014q3/bin/../lib/gcc/arm-none-eabi/4.8.4/../../../../arm-none-eabi/lib/armv7e-m/fpu\libg_s.a(lib_a-impure.o)
                              c:/program files (x86)/gnu tools arm embedded/4.8 2014q3/bin/../lib/gcc/arm-none-eabi/4.8.4/../../../../arm-none-eabi/lib/armv7e-m/fpu\libg_s.a(lib_a-errno.o) (_impure_ptr)
c:/program files (x86)/gnu tools arm embedded/4.8 2014q3/bin/../lib/gcc/arm-none-eabi/4.8.4/../../../../arm-none-eabi/lib/armv7e-m/fpu\libg_s.a(lib_a-memcpy-stub.o)
                              c:/program files (x86)/gnu tools arm embedded/4.8 2014q3/bin/../lib/gcc/arm-none-eabi/4.8.4/armv7e-m/fpu\libgcc.a(unwind-arm.o) (memcpy)

Allocating common symbols
Common symbol       size              file

errno               0x4               ./system/src/newlib/_syscalls.o

Discarded input sections

 .text          0x00000000        0x0 ./system/src/newlib/_cxx.o
 .data          0x00000000        0x0 ./system/src/newlib/_cxx.o
 .bss           0x00000000        0x0 ./system/src/newlib/_cxx.o
 .text._ZN9__gnu_cxx27__verbose_terminate_handlerEv
                0x00000000        0x6 ./system/src/newlib/_cxx.o
 .ARM.extab.text._ZN9__gnu_cxx27__verbose_terminate_handlerEv
                0x00000000        0xc ./system/src/newlib/_cxx.o
 .ARM.exidx.text._ZN9__gnu_cxx27__verbose_terminate_handlerEv
                0x00000000        0x8 ./system/src/newlib/_cxx.o
 .text.__cxa_pure_virtual
                0x00000000        0x6 ./system/src/newlib/_cxx.o
 .ARM.extab.text.__cxa_pure_virtual
                0x00000000        0xc ./system/src/newlib/_cxx.o
 .ARM.exidx.text.__cxa_pure_virtual
                0x00000000        0x8 ./system/src/newlib/_cxx.o
 .debug_info    0x00000000      0x593 ./system/src/newlib/_cxx.o
 .debug_abbrev  0x00000000      0x1a4 ./system/src/newlib/_cxx.o
 .debug_aranges
                0x00000000       0x28 ./system/src/newlib/_cxx.o
 .debug_ranges  0x00000000       0x18 ./system/src/newlib/_cxx.o
 .debug_line    0x00000000      0x1b6 ./system/src/newlib/_cxx.o
 .debug_str     0x00000000      0x359 ./system/src/newlib/_cxx.o
 .comment       0x00000000       0x71 ./system/src/newlib/_cxx.o
 .ARM.attributes
                0x00000000       0x39 ./system/src/newlib/_cxx.o
 .debug_frame   0x00000000       0x40 ./system/src/newlib/_cxx.o
 .text          0x00000000        0x0 ./system/src/newlib/_exit.o
 .data          0x00000000        0x0 ./system/src/newlib/_exit.o
 .bss           0x00000000        0x0 ./system/src/newlib/_exit.o
 .text.abort    0x00000000        0x8 ./system/src/newlib/_exit.o
 .text          0x00000000        0x0 ./system/src/newlib/_sbrk.o
 .data          0x00000000        0x0 ./system/src/newlib/_sbrk.o
 .bss           0x00000000        0x0 ./system/src/newlib/_sbrk.o
 .text._sbrk    0x00000000       0x40 ./system/src/newlib/_sbrk.o
 .bss.current_heap_end.3842
                0x00000000        0x4 ./system/src/newlib/_sbrk.o
 .debug_info    0x00000000      0x121 ./system/src/newlib/_sbrk.o
 .debug_abbrev  0x00000000       0xb8 ./system/src/newlib/_sbrk.o
 .debug_loc     0x00000000       0x6e ./system/src/newlib/_sbrk.o
 .debug_aranges
                0x00000000       0x20 ./system/src/newlib/_sbrk.o
 .debug_ranges  0x00000000       0x10 ./system/src/newlib/_sbrk.o
 .debug_line    0x00000000       0xc2 ./system/src/newlib/_sbrk.o
 .debug_str     0x00000000      0x224 ./system/src/newlib/_sbrk.o
 .comment       0x00000000       0x71 ./system/src/newlib/_sbrk.o
 .ARM.attributes
                0x00000000       0x39 ./system/src/newlib/_sbrk.o
 .debug_frame   0x00000000       0x28 ./system/src/newlib/_sbrk.o
 .text          0x00000000        0x0 ./system/src/newlib/_startup.o
 .data          0x00000000        0x0 ./system/src/newlib/_startup.o
 .bss           0x00000000        0x0 ./system/src/newlib/_startup.o
 .text.__initialize_data
                0x00000000       0x10 ./system/src/newlib/_startup.o
 .text.__initialize_bss
                0x00000000        0xe ./system/src/newlib/_startup.o
 .text.__run_init_array
                0x00000000       0x48 ./system/src/newlib/_startup.o
 .text.__run_fini_array
                0x00000000       0x28 ./system/src/newlib/_startup.o
 .text          0x00000000        0x0 ./system/src/newlib/_syscalls.o
 .data          0x00000000        0x0 ./system/src/newlib/_syscalls.o
 .bss           0x00000000        0x0 ./system/src/newlib/_syscalls.o
 .text.raise    0x00000000       0x10 ./system/src/newlib/_syscalls.o
 .text.kill     0x00000000       0x10 ./system/src/newlib/_syscalls.o
 COMMON         0x00000000        0x4 ./system/src/newlib/_syscalls.o
 .text          0x00000000        0x0 ./system/src/newlib/_write.o
 .data          0x00000000        0x0 ./system/src/newlib/_write.o
 .bss           0x00000000        0x0 ./system/src/newlib/_write.o
 .debug_line    0x00000000        0x0 ./system/src/newlib/_write.o
 .debug_str     0x00000000        0x0 ./system/src/newlib/_write.o
 .comment       0x00000000       0x71 ./system/src/newlib/_write.o
 .ARM.attributes
                0x00000000       0x39 ./system/src/newlib/_write.o
 .text          0x00000000        0x0 ./system/src/newlib/assert.o
 .data          0x00000000        0x0 ./system/src/newlib/assert.o
 .bss           0x00000000        0x0 ./system/src/newlib/assert.o
 .text.__assert_func
                0x00000000        0x6 ./system/src/newlib/assert.o
 .debug_info    0x00000000      0x10b ./system/src/newlib/assert.o
 .debug_abbrev  0x00000000       0xa6 ./system/src/newlib/assert.o
 .debug_loc     0x00000000       0x84 ./system/src/newlib/assert.o
 .debug_aranges
                0x00000000       0x20 ./system/src/newlib/assert.o
 .debug_ranges  0x00000000       0x10 ./system/src/newlib/assert.o
 .debug_line    0x00000000       0xd7 ./system/src/newlib/assert.o
 .debug_str     0x00000000      0x20d ./system/src/newlib/assert.o
 .comment       0x00000000       0x71 ./system/src/newlib/assert.o
 .ARM.attributes
                0x00000000       0x39 ./system/src/newlib/assert.o
 .debug_frame   0x00000000       0x28 ./system/src/newlib/assert.o
 .text          0x00000000        0x0 ./system/src/diag/Trace.o
 .data          0x00000000        0x0 ./system/src/diag/Trace.o
 .bss           0x00000000        0x0 ./system/src/diag/Trace.o
 .debug_line    0x00000000        0x0 ./system/src/diag/Trace.o
 .debug_str     0x00000000        0x0 ./system/src/diag/Trace.o
 .comment       0x00000000       0x71 ./system/src/diag/Trace.o
 .ARM.attributes
                0x00000000       0x39 ./system/src/diag/Trace.o
 .text          0x00000000        0x0 ./system/src/diag/trace_impl.o
 .data          0x00000000        0x0 ./system/src/diag/trace_impl.o
 .bss           0x00000000        0x0 ./system/src/diag/trace_impl.o
 .debug_line    0x00000000        0x0 ./system/src/diag/trace_impl.o
 .debug_str     0x00000000        0x0 ./system/src/diag/trace_impl.o
 .comment       0x00000000       0x71 ./system/src/diag/trace_impl.o
 .ARM.attributes
                0x00000000       0x39 ./system/src/diag/trace_impl.o
 .text          0x00000000        0x0 ./system/src/cortexm/_initialize_hardware.o
 .data          0x00000000        0x0 ./system/src/cortexm/_initialize_hardware.o
 .bss           0x00000000        0x0 ./system/src/cortexm/_initialize_hardware.o
 .text          0x00000000        0x0 ./system/src/cortexm/_reset_hardware.o
 .data          0x00000000        0x0 ./system/src/cortexm/_reset_hardware.o
 .bss           0x00000000        0x0 ./system/src/cortexm/_reset_hardware.o
 .text          0x00000000        0x0 ./system/src/cortexm/exception_handlers.o
 .data          0x00000000        0x0 ./system/src/cortexm/exception_handlers.o
 .bss           0x00000000        0x0 ./system/src/cortexm/exception_handlers.o
 .text          0x00000000        0x0 ./system/src/DEVICE/misc.o
 .data          0x00000000        0x0 ./system/src/DEVICE/misc.o
 .bss           0x00000000        0x0 ./system/src/DEVICE/misc.o
 .text.NVIC_PriorityGroupConfig
                0x00000000       0x14 ./system/src/DEVICE/misc.o
 .text.NVIC_SetVectorTable
                0x00000000       0x14 ./system/src/DEVICE/misc.o
 .text.NVIC_SystemLPConfig
                0x00000000       0x18 ./system/src/DEVICE/misc.o
 .text.SysTick_CLKSourceConfig
                0x00000000       0x18 ./system/src/DEVICE/misc.o
 .text          0x00000000        0x0 ./system/src/DEVICE/stm32f4xx_adc.o
 .data          0x00000000        0x0 ./system/src/DEVICE/stm32f4xx_adc.o
 .bss           0x00000000        0x0 ./system/src/DEVICE/stm32f4xx_adc.o
 .text.ADC_DeInit
                0x00000000       0x1a ./system/src/DEVICE/stm32f4xx_adc.o
 .text.ADC_StructInit
                0x00000000       0x14 ./system/src/DEVICE/stm32f4xx_adc.o
 .text.ADC_CommonStructInit
                0x00000000        0xc ./system/src/DEVICE/stm32f4xx_adc.o
 .text.ADC_AnalogWatchdogCmd
                0x00000000       0x10 ./system/src/DEVICE/stm32f4xx_adc.o
 .text.ADC_AnalogWatchdogThresholdsConfig
                0x00000000        0x6 ./system/src/DEVICE/stm32f4xx_adc.o
 .text.ADC_AnalogWatchdogSingleChannelConfig
                0x00000000        0xc ./system/src/DEVICE/stm32f4xx_adc.o
 .text.ADC_TempSensorVrefintCmd
                0x00000000       0x18 ./system/src/DEVICE/stm32f4xx_adc.o
 .text.ADC_VBATCmd
                0x00000000       0x18 ./system/src/DEVICE/stm32f4xx_adc.o
 .text.ADC_SoftwareStartConv
                0x00000000        0xa ./system/src/DEVICE/stm32f4xx_adc.o
 .text.ADC_GetSoftwareStartConvStatus
                0x00000000        0x8 ./system/src/DEVICE/stm32f4xx_adc.o
 .text.ADC_EOCOnEachRegularChannelCmd
                0x00000000       0x12 ./system/src/DEVICE/stm32f4xx_adc.o
 .text.ADC_ContinuousModeCmd
                0x00000000       0x12 ./system/src/DEVICE/stm32f4xx_adc.o
 .text.ADC_DiscModeChannelCountConfig
                0x00000000       0x10 ./system/src/DEVICE/stm32f4xx_adc.o
 .text.ADC_DiscModeCmd
                0x00000000       0x12 ./system/src/DEVICE/stm32f4xx_adc.o
 .text.ADC_GetMultiModeConversionValue
                0x00000000        0xc ./system/src/DEVICE/stm32f4xx_adc.o
 .text.ADC_DMACmd
                0x00000000       0x12 ./system/src/DEVICE/stm32f4xx_adc.o
 .text.ADC_DMARequestAfterLastTransferCmd
                0x00000000       0x12 ./system/src/DEVICE/stm32f4xx_adc.o
 .text.ADC_MultiModeDMARequestAfterLastTransferCmd
                0x00000000       0x18 ./system/src/DEVICE/stm32f4xx_adc.o
 .text.ADC_InjectedChannelConfig
                0x00000000       0x5c ./system/src/DEVICE/stm32f4xx_adc.o
 .text.ADC_InjectedSequencerLengthConfig
                0x00000000       0x10 ./system/src/DEVICE/stm32f4xx_adc.o
 .text.ADC_SetInjectedOffset
                0x00000000       0x16 ./system/src/DEVICE/stm32f4xx_adc.o
 .text.ADC_ExternalTrigInjectedConvConfig
                0x00000000        0xc ./system/src/DEVICE/stm32f4xx_adc.o
 .text.ADC_ExternalTrigInjectedConvEdgeConfig
                0x00000000        0xc ./system/src/DEVICE/stm32f4xx_adc.o
 .text.ADC_SoftwareStartInjectedConv
                0x00000000        0xa ./system/src/DEVICE/stm32f4xx_adc.o
 .text.ADC_GetSoftwareStartInjectedConvCmdStatus
                0x00000000        0x8 ./system/src/DEVICE/stm32f4xx_adc.o
 .text.ADC_AutoInjectedConvCmd
                0x00000000       0x12 ./system/src/DEVICE/stm32f4xx_adc.o
 .text.ADC_InjectedDiscModeCmd
                0x00000000       0x12 ./system/src/DEVICE/stm32f4xx_adc.o
 .text.ADC_GetInjectedConversionValue
                0x00000000       0x1a ./system/src/DEVICE/stm32f4xx_adc.o
 .text.ADC_GetFlagStatus
                0x00000000        0xc ./system/src/DEVICE/stm32f4xx_adc.o
 .text.ADC_ClearFlag
                0x00000000        0x6 ./system/src/DEVICE/stm32f4xx_adc.o
 .text.ADC_GetITStatus
                0x00000000       0x1c ./system/src/DEVICE/stm32f4xx_adc.o
 .text          0x00000000        0x0 ./system/src/DEVICE/stm32f4xx_dac.o
 .data          0x00000000        0x0 ./system/src/DEVICE/stm32f4xx_dac.o
 .bss           0x00000000        0x0 ./system/src/DEVICE/stm32f4xx_dac.o
 .text.DAC_DeInit
                0x00000000       0x1a ./system/src/DEVICE/stm32f4xx_dac.o
 .text.DAC_StructInit
                0x00000000        0xc ./system/src/DEVICE/stm32f4xx_dac.o
 .text.DAC_SoftwareTriggerCmd
                0x00000000       0x20 ./system/src/DEVICE/stm32f4xx_dac.o
 .text.DAC_DualSoftwareTriggerCmd
                0x00000000       0x18 ./system/src/DEVICE/stm32f4xx_dac.o
 .text.DAC_WaveGenerationCmd
                0x00000000       0x1c ./system/src/DEVICE/stm32f4xx_dac.o
 .text.DAC_SetChannel2Data
                0x00000000       0x20 ./system/src/DEVICE/stm32f4xx_dac.o
 .text.DAC_SetDualChannelData
                0x00000000       0x18 ./system/src/DEVICE/stm32f4xx_dac.o
 .text.DAC_GetDataOutputValue
                0x00000000       0x24 ./system/src/DEVICE/stm32f4xx_dac.o
 .text.DAC_DMACmd
                0x00000000       0x20 ./system/src/DEVICE/stm32f4xx_dac.o
 .text.DAC_ITConfig
                0x00000000       0x1c ./system/src/DEVICE/stm32f4xx_dac.o
 .text.DAC_GetFlagStatus
                0x00000000       0x14 ./system/src/DEVICE/stm32f4xx_dac.o
 .text.DAC_ClearFlag
                0x00000000        0xc ./system/src/DEVICE/stm32f4xx_dac.o
 .text.DAC_GetITStatus
                0x00000000       0x1c ./system/src/DEVICE/stm32f4xx_dac.o
 .text.DAC_ClearITPendingBit
                0x00000000        0xc ./system/src/DEVICE/stm32f4xx_dac.o
 .text          0x00000000        0x0 ./system/src/DEVICE/stm32f4xx_exti.o
 .data          0x00000000        0x0 ./system/src/DEVICE/stm32f4xx_exti.o
 .bss           0x00000000        0x0 ./system/src/DEVICE/stm32f4xx_exti.o
 .text.EXTI_DeInit
                0x00000000       0x1c ./system/src/DEVICE/stm32f4xx_exti.o
 .text.EXTI_Init
                0x00000000       0x74 ./system/src/DEVICE/stm32f4xx_exti.o
 .text.EXTI_StructInit
                0x00000000        0xe ./system/src/DEVICE/stm32f4xx_exti.o
 .text.EXTI_GenerateSWInterrupt
                0x00000000       0x10 ./system/src/DEVICE/stm32f4xx_exti.o
 .text.EXTI_GetFlagStatus
                0x00000000       0x14 ./system/src/DEVICE/stm32f4xx_exti.o
 .text.EXTI_ClearFlag
                0x00000000        0xc ./system/src/DEVICE/stm32f4xx_exti.o
 .text.EXTI_GetITStatus
                0x00000000       0x14 ./system/src/DEVICE/stm32f4xx_exti.o
 .text.EXTI_ClearITPendingBit
                0x00000000        0xc ./system/src/DEVICE/stm32f4xx_exti.o
 .debug_info    0x00000000      0x328 ./system/src/DEVICE/stm32f4xx_exti.o
 .debug_abbrev  0x00000000      0x1c5 ./system/src/DEVICE/stm32f4xx_exti.o
 .debug_loc     0x00000000      0x14b ./system/src/DEVICE/stm32f4xx_exti.o
 .debug_aranges
                0x00000000       0x58 ./system/src/DEVICE/stm32f4xx_exti.o
 .debug_ranges  0x00000000       0x48 ./system/src/DEVICE/stm32f4xx_exti.o
 .debug_line    0x00000000      0x1c2 ./system/src/DEVICE/stm32f4xx_exti.o
 .debug_str     0x00000000      0x3a6 ./system/src/DEVICE/stm32f4xx_exti.o
 .comment       0x00000000       0x71 ./system/src/DEVICE/stm32f4xx_exti.o
 .ARM.attributes
                0x00000000       0x39 ./system/src/DEVICE/stm32f4xx_exti.o
 .debug_frame   0x00000000       0x9c ./system/src/DEVICE/stm32f4xx_exti.o
 .text          0x00000000        0x0 ./system/src/DEVICE/stm32f4xx_gpio.o
 .data          0x00000000        0x0 ./system/src/DEVICE/stm32f4xx_gpio.o
 .bss           0x00000000        0x0 ./system/src/DEVICE/stm32f4xx_gpio.o
 .text.GPIO_DeInit
                0x00000000      0x10c ./system/src/DEVICE/stm32f4xx_gpio.o
 .text.GPIO_PinLockConfig
                0x00000000       0x24 ./system/src/DEVICE/stm32f4xx_gpio.o
 .text.GPIO_ReadInputDataBit
                0x00000000        0xc ./system/src/DEVICE/stm32f4xx_gpio.o
 .text.GPIO_ReadInputData
                0x00000000        0x6 ./system/src/DEVICE/stm32f4xx_gpio.o
 .text.GPIO_ReadOutputDataBit
                0x00000000        0xc ./system/src/DEVICE/stm32f4xx_gpio.o
 .text.GPIO_ReadOutputData
                0x00000000        0x6 ./system/src/DEVICE/stm32f4xx_gpio.o
 .text.GPIO_SetBits
                0x00000000        0x4 ./system/src/DEVICE/stm32f4xx_gpio.o
 .text.GPIO_ResetBits
                0x00000000        0x4 ./system/src/DEVICE/stm32f4xx_gpio.o
 .text.GPIO_WriteBit
                0x00000000        0xa ./system/src/DEVICE/stm32f4xx_gpio.o
 .text.GPIO_Write
                0x00000000        0x4 ./system/src/DEVICE/stm32f4xx_gpio.o
 .text.GPIO_PinAFConfig
                0x00000000       0x24 ./system/src/DEVICE/stm32f4xx_gpio.o
 .text          0x00000000        0x0 ./system/src/DEVICE/stm32f4xx_pwr.o
 .data          0x00000000        0x0 ./system/src/DEVICE/stm32f4xx_pwr.o
 .bss           0x00000000        0x0 ./system/src/DEVICE/stm32f4xx_pwr.o
 .text.PWR_DeInit
                0x00000000       0x1a ./system/src/DEVICE/stm32f4xx_pwr.o
 .text.PWR_BackupAccessCmd
                0x00000000        0xc ./system/src/DEVICE/stm32f4xx_pwr.o
 .text.PWR_PVDLevelConfig
                0x00000000       0x14 ./system/src/DEVICE/stm32f4xx_pwr.o
 .text.PWR_PVDCmd
                0x00000000        0xc ./system/src/DEVICE/stm32f4xx_pwr.o
 .text.PWR_WakeUpPinCmd
                0x00000000        0xc ./system/src/DEVICE/stm32f4xx_pwr.o
 .text.PWR_BackupRegulatorCmd
                0x00000000        0xc ./system/src/DEVICE/stm32f4xx_pwr.o
 .text.PWR_MainRegulatorModeConfig
                0x00000000       0x14 ./system/src/DEVICE/stm32f4xx_pwr.o
 .text.PWR_OverDriveCmd
                0x00000000        0xc ./system/src/DEVICE/stm32f4xx_pwr.o
 .text.PWR_OverDriveSWCmd
                0x00000000        0xc ./system/src/DEVICE/stm32f4xx_pwr.o
 .text.PWR_UnderDriveCmd
                0x00000000       0x18 ./system/src/DEVICE/stm32f4xx_pwr.o
 .text.PWR_MainRegulatorLowVoltageCmd
                0x00000000       0x14 ./system/src/DEVICE/stm32f4xx_pwr.o
 .text.PWR_LowRegulatorLowVoltageCmd
                0x00000000       0x14 ./system/src/DEVICE/stm32f4xx_pwr.o
 .text.PWR_FlashPowerDownCmd
                0x00000000        0xc ./system/src/DEVICE/stm32f4xx_pwr.o
 .text.PWR_EnterSTOPMode
                0x00000000       0x38 ./system/src/DEVICE/stm32f4xx_pwr.o
 .text.PWR_EnterUnderDriveSTOPMode
                0x00000000       0x38 ./system/src/DEVICE/stm32f4xx_pwr.o
 .text.PWR_EnterSTANDBYMode
                0x00000000       0x20 ./system/src/DEVICE/stm32f4xx_pwr.o
 .text.PWR_GetFlagStatus
                0x00000000       0x14 ./system/src/DEVICE/stm32f4xx_pwr.o
 .text.PWR_ClearFlag
                0x00000000       0x10 ./system/src/DEVICE/stm32f4xx_pwr.o
 .debug_info    0x00000000      0x643 ./system/src/DEVICE/stm32f4xx_pwr.o
 .debug_abbrev  0x00000000      0x1c6 ./system/src/DEVICE/stm32f4xx_pwr.o
 .debug_loc     0x00000000      0x1bd ./system/src/DEVICE/stm32f4xx_pwr.o
 .debug_aranges
                0x00000000       0xa8 ./system/src/DEVICE/stm32f4xx_pwr.o
 .debug_ranges  0x00000000       0x98 ./system/src/DEVICE/stm32f4xx_pwr.o
 .debug_line    0x00000000      0x2a1 ./system/src/DEVICE/stm32f4xx_pwr.o
 .debug_str     0x00000000      0x473 ./system/src/DEVICE/stm32f4xx_pwr.o
 .comment       0x00000000       0x71 ./system/src/DEVICE/stm32f4xx_pwr.o
 .ARM.attributes
                0x00000000       0x39 ./system/src/DEVICE/stm32f4xx_pwr.o
 .debug_frame   0x00000000      0x138 ./system/src/DEVICE/stm32f4xx_pwr.o
 .text          0x00000000        0x0 ./system/src/DEVICE/stm32f4xx_rcc.o
 .data          0x00000000        0x0 ./system/src/DEVICE/stm32f4xx_rcc.o
 .bss           0x00000000        0x0 ./system/src/DEVICE/stm32f4xx_rcc.o
 .text.RCC_DeInit
                0x00000000       0x48 ./system/src/DEVICE/stm32f4xx_rcc.o
 .text.RCC_HSEConfig
                0x00000000       0x10 ./system/src/DEVICE/stm32f4xx_rcc.o
 .text.RCC_AdjustHSICalibrationValue
                0x00000000       0x14 ./system/src/DEVICE/stm32f4xx_rcc.o
 .text.RCC_HSICmd
                0x00000000        0xc ./system/src/DEVICE/stm32f4xx_rcc.o
 .text.RCC_LSEConfig
                0x00000000       0x20 ./system/src/DEVICE/stm32f4xx_rcc.o
 .text.RCC_LSICmd
                0x00000000        0xc ./system/src/DEVICE/stm32f4xx_rcc.o
 .text.RCC_PLLConfig
                0x00000000       0x20 ./system/src/DEVICE/stm32f4xx_rcc.o
 .text.RCC_PLLCmd
                0x00000000        0xc ./system/src/DEVICE/stm32f4xx_rcc.o
 .text.RCC_PLLI2SConfig
                0x00000000       0x14 ./system/src/DEVICE/stm32f4xx_rcc.o
 .text.RCC_PLLI2SCmd
                0x00000000        0xc ./system/src/DEVICE/stm32f4xx_rcc.o
 .text.RCC_PLLSAIConfig
                0x00000000       0x18 ./system/src/DEVICE/stm32f4xx_rcc.o
 .text.RCC_PLLSAICmd
                0x00000000        0xc ./system/src/DEVICE/stm32f4xx_rcc.o
 .text.RCC_ClockSecuritySystemCmd
                0x00000000        0xc ./system/src/DEVICE/stm32f4xx_rcc.o
 .text.RCC_MCO1Config
                0x00000000       0x14 ./system/src/DEVICE/stm32f4xx_rcc.o
 .text.RCC_MCO2Config
                0x00000000       0x14 ./system/src/DEVICE/stm32f4xx_rcc.o
 .text.RCC_SYSCLKConfig
                0x00000000       0x14 ./system/src/DEVICE/stm32f4xx_rcc.o
 .text.RCC_GetSYSCLKSource
                0x00000000       0x10 ./system/src/DEVICE/stm32f4xx_rcc.o
 .text.RCC_HCLKConfig
                0x00000000       0x14 ./system/src/DEVICE/stm32f4xx_rcc.o
 .text.RCC_PCLK1Config
                0x00000000       0x14 ./system/src/DEVICE/stm32f4xx_rcc.o
 .text.RCC_PCLK2Config
                0x00000000       0x14 ./system/src/DEVICE/stm32f4xx_rcc.o
 .text.RCC_GetClocksFreq
                0x00000000       0x88 ./system/src/DEVICE/stm32f4xx_rcc.o
 .text.RCC_RTCCLKConfig
                0x00000000       0x30 ./system/src/DEVICE/stm32f4xx_rcc.o
 .text.RCC_RTCCLKCmd
                0x00000000        0xc ./system/src/DEVICE/stm32f4xx_rcc.o
 .text.RCC_BackupResetCmd
                0x00000000        0xc ./system/src/DEVICE/stm32f4xx_rcc.o
 .text.RCC_I2SCLKConfig
                0x00000000        0xc ./system/src/DEVICE/stm32f4xx_rcc.o
 .text.RCC_SAIPLLI2SClkDivConfig
                0x00000000       0x18 ./system/src/DEVICE/stm32f4xx_rcc.o
 .text.RCC_SAIPLLSAIClkDivConfig
                0x00000000       0x1c ./system/src/DEVICE/stm32f4xx_rcc.o
 .text.RCC_SAIBlockACLKConfig
                0x00000000       0x18 ./system/src/DEVICE/stm32f4xx_rcc.o
 .text.RCC_SAIBlockBCLKConfig
                0x00000000       0x18 ./system/src/DEVICE/stm32f4xx_rcc.o
 .text.RCC_LTDCCLKDivConfig
                0x00000000       0x18 ./system/src/DEVICE/stm32f4xx_rcc.o
 .text.RCC_TIMCLKPresConfig
                0x00000000        0xc ./system/src/DEVICE/stm32f4xx_rcc.o
 .text.RCC_AHB2PeriphClockCmd
                0x00000000       0x18 ./system/src/DEVICE/stm32f4xx_rcc.o
 .text.RCC_AHB3PeriphClockCmd
                0x00000000       0x18 ./system/src/DEVICE/stm32f4xx_rcc.o
 .text.RCC_AHB1PeriphResetCmd
                0x00000000       0x18 ./system/src/DEVICE/stm32f4xx_rcc.o
 .text.RCC_AHB2PeriphResetCmd
                0x00000000       0x18 ./system/src/DEVICE/stm32f4xx_rcc.o
 .text.RCC_AHB3PeriphResetCmd
                0x00000000       0x18 ./system/src/DEVICE/stm32f4xx_rcc.o
 .text.RCC_APB1PeriphResetCmd
                0x00000000       0x18 ./system/src/DEVICE/stm32f4xx_rcc.o
 .text.RCC_APB2PeriphResetCmd
                0x00000000       0x18 ./system/src/DEVICE/stm32f4xx_rcc.o
 .text.RCC_AHB1PeriphClockLPModeCmd
                0x00000000       0x18 ./system/src/DEVICE/stm32f4xx_rcc.o
 .text.RCC_AHB2PeriphClockLPModeCmd
                0x00000000       0x18 ./system/src/DEVICE/stm32f4xx_rcc.o
 .text.RCC_AHB3PeriphClockLPModeCmd
                0x00000000       0x18 ./system/src/DEVICE/stm32f4xx_rcc.o
 .text.RCC_APB1PeriphClockLPModeCmd
                0x00000000       0x18 ./system/src/DEVICE/stm32f4xx_rcc.o
 .text.RCC_APB2PeriphClockLPModeCmd
                0x00000000       0x18 ./system/src/DEVICE/stm32f4xx_rcc.o
 .text.RCC_LSEModeConfig
                0x00000000       0x18 ./system/src/DEVICE/stm32f4xx_rcc.o
 .text.RCC_ITConfig
                0x00000000       0x18 ./system/src/DEVICE/stm32f4xx_rcc.o
 .text.RCC_GetFlagStatus
                0x00000000       0x28 ./system/src/DEVICE/stm32f4xx_rcc.o
 .text.RCC_WaitForHSEStartUp
                0x00000000       0x30 ./system/src/DEVICE/stm32f4xx_rcc.o
 .text.RCC_ClearFlag
                0x00000000       0x10 ./system/src/DEVICE/stm32f4xx_rcc.o
 .text.RCC_GetITStatus
                0x00000000       0x14 ./system/src/DEVICE/stm32f4xx_rcc.o
 .text.RCC_ClearITPendingBit
                0x00000000        0xc ./system/src/DEVICE/stm32f4xx_rcc.o
 .data.APBAHBPrescTable
                0x00000000       0x10 ./system/src/DEVICE/stm32f4xx_rcc.o
 .text          0x00000000        0x0 ./system/src/DEVICE/stm32f4xx_rtc.o
 .data          0x00000000        0x0 ./system/src/DEVICE/stm32f4xx_rtc.o
 .bss           0x00000000        0x0 ./system/src/DEVICE/stm32f4xx_rtc.o
 .text.RTC_ByteToBcd2
                0x00000000       0x1a ./system/src/DEVICE/stm32f4xx_rtc.o
 .text.RTC_Bcd2ToByte
                0x00000000       0x12 ./system/src/DEVICE/stm32f4xx_rtc.o
 .text.RTC_StructInit
                0x00000000        0xc ./system/src/DEVICE/stm32f4xx_rtc.o
 .text.RTC_WriteProtectionCmd
                0x00000000       0x18 ./system/src/DEVICE/stm32f4xx_rtc.o
 .text.RTC_EnterInitMode
                0x00000000       0x40 ./system/src/DEVICE/stm32f4xx_rtc.o
 .text.RTC_ExitInitMode
                0x00000000       0x10 ./system/src/DEVICE/stm32f4xx_rtc.o
 .text.RTC_Init
                0x00000000       0x44 ./system/src/DEVICE/stm32f4xx_rtc.o
 .text.RTC_WaitForSynchro
                0x00000000       0x44 ./system/src/DEVICE/stm32f4xx_rtc.o
 .text.RTC_DeInit
                0x00000000       0x8c ./system/src/DEVICE/stm32f4xx_rtc.o
 .text.RTC_RefClockCmd
                0x00000000       0x34 ./system/src/DEVICE/stm32f4xx_rtc.o
 .text.RTC_BypassShadowCmd
                0x00000000       0x24 ./system/src/DEVICE/stm32f4xx_rtc.o
 .text.RTC_SetTime
                0x00000000       0x98 ./system/src/DEVICE/stm32f4xx_rtc.o
 .text.RTC_TimeStructInit
                0x00000000        0xc ./system/src/DEVICE/stm32f4xx_rtc.o
 .text.RTC_GetTime
                0x00000000       0x44 ./system/src/DEVICE/stm32f4xx_rtc.o
 .text.RTC_GetSubSecond
                0x00000000        0xc ./system/src/DEVICE/stm32f4xx_rtc.o
 .text.RTC_SetDate
                0x00000000       0x90 ./system/src/DEVICE/stm32f4xx_rtc.o
 .text.RTC_DateStructInit
                0x00000000        0xe ./system/src/DEVICE/stm32f4xx_rtc.o
 .text.RTC_GetDate
                0x00000000       0x40 ./system/src/DEVICE/stm32f4xx_rtc.o
 .text.RTC_SetAlarm
                0x00000000       0xa4 ./system/src/DEVICE/stm32f4xx_rtc.o
 .text.RTC_AlarmStructInit
                0x00000000       0x14 ./system/src/DEVICE/stm32f4xx_rtc.o
 .text.RTC_GetAlarm
                0x00000000       0x64 ./system/src/DEVICE/stm32f4xx_rtc.o
 .text.RTC_AlarmCmd
                0x00000000       0x5c ./system/src/DEVICE/stm32f4xx_rtc.o
 .text.RTC_AlarmSubSecondConfig
                0x00000000       0x24 ./system/src/DEVICE/stm32f4xx_rtc.o
 .text.RTC_GetAlarmSubSecond
                0x00000000       0x18 ./system/src/DEVICE/stm32f4xx_rtc.o
 .text.RTC_WakeUpClockConfig
                0x00000000       0x24 ./system/src/DEVICE/stm32f4xx_rtc.o
 .text.RTC_SetWakeUpCounter
                0x00000000       0x18 ./system/src/DEVICE/stm32f4xx_rtc.o
 .text.RTC_GetWakeUpCounter
                0x00000000        0xc ./system/src/DEVICE/stm32f4xx_rtc.o
 .text.RTC_WakeUpCmd
                0x00000000       0x54 ./system/src/DEVICE/stm32f4xx_rtc.o
 .text.RTC_DayLightSavingConfig
                0x00000000       0x24 ./system/src/DEVICE/stm32f4xx_rtc.o
 .text.RTC_GetStoreOperation
                0x00000000       0x10 ./system/src/DEVICE/stm32f4xx_rtc.o
 .text.RTC_OutputConfig
                0x00000000       0x24 ./system/src/DEVICE/stm32f4xx_rtc.o
 .text.RTC_CoarseCalibConfig
                0x00000000       0x2c ./system/src/DEVICE/stm32f4xx_rtc.o
 .text.RTC_CoarseCalibCmd
                0x00000000       0x34 ./system/src/DEVICE/stm32f4xx_rtc.o
 .text.RTC_CalibOutputCmd
                0x00000000       0x24 ./system/src/DEVICE/stm32f4xx_rtc.o
 .text.RTC_CalibOutputConfig
                0x00000000       0x24 ./system/src/DEVICE/stm32f4xx_rtc.o
 .text.RTC_SmoothCalibConfig
                0x00000000       0x44 ./system/src/DEVICE/stm32f4xx_rtc.o
 .text.RTC_TimeStampCmd
                0x00000000       0x28 ./system/src/DEVICE/stm32f4xx_rtc.o
 .text.RTC_GetTimeStamp
                0x00000000       0x74 ./system/src/DEVICE/stm32f4xx_rtc.o
 .text.RTC_GetTimeStampSubSecond
                0x00000000        0xc ./system/src/DEVICE/stm32f4xx_rtc.o
 .text.RTC_TamperTriggerConfig
                0x00000000       0x18 ./system/src/DEVICE/stm32f4xx_rtc.o
 .text.RTC_TamperCmd
                0x00000000       0x18 ./system/src/DEVICE/stm32f4xx_rtc.o
 .text.RTC_TamperFilterConfig
                0x00000000       0x18 ./system/src/DEVICE/stm32f4xx_rtc.o
 .text.RTC_TamperSamplingFreqConfig
                0x00000000       0x18 ./system/src/DEVICE/stm32f4xx_rtc.o
 .text.RTC_TamperPinsPrechargeDuration
                0x00000000       0x18 ./system/src/DEVICE/stm32f4xx_rtc.o
 .text.RTC_TimeStampOnTamperDetectionCmd
                0x00000000       0x18 ./system/src/DEVICE/stm32f4xx_rtc.o
 .text.RTC_TamperPullUpCmd
                0x00000000       0x18 ./system/src/DEVICE/stm32f4xx_rtc.o
 .text.RTC_WriteBackupRegister
                0x00000000       0x20 ./system/src/DEVICE/stm32f4xx_rtc.o
 .text.RTC_ReadBackupRegister
                0x00000000       0x20 ./system/src/DEVICE/stm32f4xx_rtc.o
 .text.RTC_TamperPinSelection
                0x00000000       0x18 ./system/src/DEVICE/stm32f4xx_rtc.o
 .text.RTC_TimeStampPinSelection
                0x00000000       0x18 ./system/src/DEVICE/stm32f4xx_rtc.o
 .text.RTC_OutputTypeConfig
                0x00000000       0x18 ./system/src/DEVICE/stm32f4xx_rtc.o
 .text.RTC_SynchroShiftConfig
                0x00000000       0x54 ./system/src/DEVICE/stm32f4xx_rtc.o
 .text.RTC_ITConfig
                0x00000000       0x3c ./system/src/DEVICE/stm32f4xx_rtc.o
 .text.RTC_GetFlagStatus
                0x00000000       0x24 ./system/src/DEVICE/stm32f4xx_rtc.o
 .text.RTC_ClearFlag
                0x00000000       0x1c ./system/src/DEVICE/stm32f4xx_rtc.o
 .text.RTC_GetITStatus
                0x00000000       0x30 ./system/src/DEVICE/stm32f4xx_rtc.o
 .text.RTC_ClearITPendingBit
                0x00000000       0x1c ./system/src/DEVICE/stm32f4xx_rtc.o
 .debug_info    0x00000000     0x1348 ./system/src/DEVICE/stm32f4xx_rtc.o
 .debug_abbrev  0x00000000      0x22c ./system/src/DEVICE/stm32f4xx_rtc.o
 .debug_loc     0x00000000     0x1019 ./system/src/DEVICE/stm32f4xx_rtc.o
 .debug_aranges
                0x00000000      0x1e0 ./system/src/DEVICE/stm32f4xx_rtc.o
 .debug_ranges  0x00000000      0x1d0 ./system/src/DEVICE/stm32f4xx_rtc.o
 .debug_line    0x00000000      0x7b8 ./system/src/DEVICE/stm32f4xx_rtc.o
 .debug_str     0x00000000      0xb98 ./system/src/DEVICE/stm32f4xx_rtc.o
 .comment       0x00000000       0x71 ./system/src/DEVICE/stm32f4xx_rtc.o
 .ARM.attributes
                0x00000000       0x39 ./system/src/DEVICE/stm32f4xx_rtc.o
 .debug_frame   0x00000000      0x484 ./system/src/DEVICE/stm32f4xx_rtc.o
 .text          0x00000000        0x0 ./system/src/DEVICE/stm32f4xx_syscfg.o
 .data          0x00000000        0x0 ./system/src/DEVICE/stm32f4xx_syscfg.o
 .bss           0x00000000        0x0 ./system/src/DEVICE/stm32f4xx_syscfg.o
 .text.SYSCFG_DeInit
                0x00000000       0x1a ./system/src/DEVICE/stm32f4xx_syscfg.o
 .text.SYSCFG_MemoryRemapConfig
                0x00000000        0xc ./system/src/DEVICE/stm32f4xx_syscfg.o
 .text.SYSCFG_MemorySwappingBank
                0x00000000        0xc ./system/src/DEVICE/stm32f4xx_syscfg.o
 .text.SYSCFG_EXTILineConfig
                0x00000000       0x2a ./system/src/DEVICE/stm32f4xx_syscfg.o
 .text.SYSCFG_ETH_MediaInterfaceConfig
                0x00000000        0xc ./system/src/DEVICE/stm32f4xx_syscfg.o
 .text.SYSCFG_CompensationCellCmd
                0x00000000        0xc ./system/src/DEVICE/stm32f4xx_syscfg.o
 .text.SYSCFG_GetCompensationCellStatus
                0x00000000       0x10 ./system/src/DEVICE/stm32f4xx_syscfg.o
 .debug_info    0x00000000      0x2bb ./system/src/DEVICE/stm32f4xx_syscfg.o
 .debug_abbrev  0x00000000      0x169 ./system/src/DEVICE/stm32f4xx_syscfg.o
 .debug_loc     0x00000000       0xa6 ./system/src/DEVICE/stm32f4xx_syscfg.o
 .debug_aranges
                0x00000000       0x50 ./system/src/DEVICE/stm32f4xx_syscfg.o
 .debug_ranges  0x00000000       0x40 ./system/src/DEVICE/stm32f4xx_syscfg.o
 .debug_line    0x00000000      0x19b ./system/src/DEVICE/stm32f4xx_syscfg.o
 .debug_str     0x00000000      0x375 ./system/src/DEVICE/stm32f4xx_syscfg.o
 .comment       0x00000000       0x71 ./system/src/DEVICE/stm32f4xx_syscfg.o
 .ARM.attributes
                0x00000000       0x39 ./system/src/DEVICE/stm32f4xx_syscfg.o
 .debug_frame   0x00000000       0x90 ./system/src/DEVICE/stm32f4xx_syscfg.o
 .text          0x00000000        0x0 ./system/src/DEVICE/stm32f4xx_tim.o
 .data          0x00000000        0x0 ./system/src/DEVICE/stm32f4xx_tim.o
 .bss           0x00000000        0x0 ./system/src/DEVICE/stm32f4xx_tim.o
 .text.TI1_Config
                0x00000000       0x32 ./system/src/DEVICE/stm32f4xx_tim.o
 .text.TI2_Config
                0x00000000       0x3a ./system/src/DEVICE/stm32f4xx_tim.o
 .text.TIM_DeInit
                0x00000000      0x154 ./system/src/DEVICE/stm32f4xx_tim.o
 .text.TIM_PrescalerConfig
                0x00000000        0x6 ./system/src/DEVICE/stm32f4xx_tim.o
 .text.TIM_CounterModeConfig
                0x00000000       0x10 ./system/src/DEVICE/stm32f4xx_tim.o
 .text.TIM_SetCounter
                0x00000000        0x4 ./system/src/DEVICE/stm32f4xx_tim.o
 .text.TIM_SetAutoreload
                0x00000000        0x4 ./system/src/DEVICE/stm32f4xx_tim.o
 .text.TIM_GetCounter
                0x00000000        0x4 ./system/src/DEVICE/stm32f4xx_tim.o
 .text.TIM_GetPrescaler
                0x00000000        0x6 ./system/src/DEVICE/stm32f4xx_tim.o
 .text.TIM_UpdateDisableConfig
                0x00000000       0x18 ./system/src/DEVICE/stm32f4xx_tim.o
 .text.TIM_UpdateRequestConfig
                0x00000000       0x18 ./system/src/DEVICE/stm32f4xx_tim.o
 .text.TIM_ARRPreloadConfig
                0x00000000       0x18 ./system/src/DEVICE/stm32f4xx_tim.o
 .text.TIM_SelectOnePulseMode
                0x00000000       0x16 ./system/src/DEVICE/stm32f4xx_tim.o
 .text.TIM_SetClockDivision
                0x00000000       0x16 ./system/src/DEVICE/stm32f4xx_tim.o
 .text.TIM_OC1Init
                0x00000000       0x70 ./system/src/DEVICE/stm32f4xx_tim.o
 .text.TIM_OC2Init
                0x00000000       0x88 ./system/src/DEVICE/stm32f4xx_tim.o
 .text.TIM_OC3Init
                0x00000000       0x84 ./system/src/DEVICE/stm32f4xx_tim.o
 .text.TIM_OC4Init
                0x00000000       0x68 ./system/src/DEVICE/stm32f4xx_tim.o
 .text.TIM_OCStructInit
                0x00000000       0x14 ./system/src/DEVICE/stm32f4xx_tim.o
 .text.TIM_SelectOCxM
                0x00000000       0x46 ./system/src/DEVICE/stm32f4xx_tim.o
 .text.TIM_SetCompare1
                0x00000000        0x4 ./system/src/DEVICE/stm32f4xx_tim.o
 .text.TIM_SetCompare2
                0x00000000        0x4 ./system/src/DEVICE/stm32f4xx_tim.o
 .text.TIM_SetCompare3
                0x00000000        0x4 ./system/src/DEVICE/stm32f4xx_tim.o
 .text.TIM_SetCompare4
                0x00000000        0x4 ./system/src/DEVICE/stm32f4xx_tim.o
 .text.TIM_ForcedOC1Config
                0x00000000       0x10 ./system/src/DEVICE/stm32f4xx_tim.o
 .text.TIM_ForcedOC2Config
                0x00000000       0x14 ./system/src/DEVICE/stm32f4xx_tim.o
 .text.TIM_ForcedOC3Config
                0x00000000       0x10 ./system/src/DEVICE/stm32f4xx_tim.o
 .text.TIM_ForcedOC4Config
                0x00000000       0x14 ./system/src/DEVICE/stm32f4xx_tim.o
 .text.TIM_OC1PreloadConfig
                0x00000000       0x10 ./system/src/DEVICE/stm32f4xx_tim.o
 .text.TIM_OC2PreloadConfig
                0x00000000       0x14 ./system/src/DEVICE/stm32f4xx_tim.o
 .text.TIM_OC3PreloadConfig
                0x00000000       0x10 ./system/src/DEVICE/stm32f4xx_tim.o
 .text.TIM_OC4PreloadConfig
                0x00000000       0x14 ./system/src/DEVICE/stm32f4xx_tim.o
 .text.TIM_OC1FastConfig
                0x00000000       0x10 ./system/src/DEVICE/stm32f4xx_tim.o
 .text.TIM_OC2FastConfig
                0x00000000       0x14 ./system/src/DEVICE/stm32f4xx_tim.o
 .text.TIM_OC3FastConfig
                0x00000000       0x10 ./system/src/DEVICE/stm32f4xx_tim.o
 .text.TIM_OC4FastConfig
                0x00000000       0x14 ./system/src/DEVICE/stm32f4xx_tim.o
 .text.TIM_ClearOC1Ref
                0x00000000       0x10 ./system/src/DEVICE/stm32f4xx_tim.o
 .text.TIM_ClearOC2Ref
                0x00000000       0x10 ./system/src/DEVICE/stm32f4xx_tim.o
 .text.TIM_ClearOC3Ref
                0x00000000       0x10 ./system/src/DEVICE/stm32f4xx_tim.o
 .text.TIM_ClearOC4Ref
                0x00000000       0x10 ./system/src/DEVICE/stm32f4xx_tim.o
 .text.TIM_OC1PolarityConfig
                0x00000000       0x10 ./system/src/DEVICE/stm32f4xx_tim.o
 .text.TIM_OC1NPolarityConfig
                0x00000000       0x10 ./system/src/DEVICE/stm32f4xx_tim.o
 .text.TIM_OC2PolarityConfig
                0x00000000       0x14 ./system/src/DEVICE/stm32f4xx_tim.o
 .text.TIM_OC2NPolarityConfig
                0x00000000       0x14 ./system/src/DEVICE/stm32f4xx_tim.o
 .text.TIM_OC3PolarityConfig
                0x00000000       0x14 ./system/src/DEVICE/stm32f4xx_tim.o
 .text.TIM_OC3NPolarityConfig
                0x00000000       0x14 ./system/src/DEVICE/stm32f4xx_tim.o
 .text.TIM_OC4PolarityConfig
                0x00000000       0x14 ./system/src/DEVICE/stm32f4xx_tim.o
 .text.TIM_CCxCmd
                0x00000000       0x1c ./system/src/DEVICE/stm32f4xx_tim.o
 .text.TIM_CCxNCmd
                0x00000000       0x1c ./system/src/DEVICE/stm32f4xx_tim.o
 .text.TIM_ICStructInit
                0x00000000       0x10 ./system/src/DEVICE/stm32f4xx_tim.o
 .text.TIM_GetCapture1
                0x00000000        0x4 ./system/src/DEVICE/stm32f4xx_tim.o
 .text.TIM_GetCapture2
                0x00000000        0x4 ./system/src/DEVICE/stm32f4xx_tim.o
 .text.TIM_GetCapture3
                0x00000000        0x4 ./system/src/DEVICE/stm32f4xx_tim.o
 .text.TIM_GetCapture4
                0x00000000        0x4 ./system/src/DEVICE/stm32f4xx_tim.o
 .text.TIM_SetIC1Prescaler
                0x00000000       0x16 ./system/src/DEVICE/stm32f4xx_tim.o
 .text.TIM_SetIC2Prescaler
                0x00000000       0x1a ./system/src/DEVICE/stm32f4xx_tim.o
 .text.TIM_PWMIConfig
                0x00000000       0x6e ./system/src/DEVICE/stm32f4xx_tim.o
 .text.TIM_SetIC3Prescaler
                0x00000000       0x16 ./system/src/DEVICE/stm32f4xx_tim.o
 .text.TIM_SetIC4Prescaler
                0x00000000       0x1a ./system/src/DEVICE/stm32f4xx_tim.o
 .text.TIM_ICInit
                0x00000000       0xb8 ./system/src/DEVICE/stm32f4xx_tim.o
 .text.TIM_BDTRConfig
                0x00000000       0x22 ./system/src/DEVICE/stm32f4xx_tim.o
 .text.TIM_BDTRStructInit
                0x00000000       0x12 ./system/src/DEVICE/stm32f4xx_tim.o
 .text.TIM_CtrlPWMOutputs
                0x00000000       0x1c ./system/src/DEVICE/stm32f4xx_tim.o
 .text.TIM_SelectCOM
                0x00000000       0x18 ./system/src/DEVICE/stm32f4xx_tim.o
 .text.TIM_CCPreloadControl
                0x00000000       0x18 ./system/src/DEVICE/stm32f4xx_tim.o
 .text.TIM_ITConfig
                0x00000000       0x12 ./system/src/DEVICE/stm32f4xx_tim.o
 .text.TIM_GenerateEvent
                0x00000000        0x4 ./system/src/DEVICE/stm32f4xx_tim.o
 .text.TIM_GetFlagStatus
                0x00000000        0xc ./system/src/DEVICE/stm32f4xx_tim.o
 .text.TIM_ClearFlag
                0x00000000        0x8 ./system/src/DEVICE/stm32f4xx_tim.o
 .text.TIM_GetITStatus
                0x00000000       0x16 ./system/src/DEVICE/stm32f4xx_tim.o
 .text.TIM_ClearITPendingBit
                0x00000000        0x8 ./system/src/DEVICE/stm32f4xx_tim.o
 .text.TIM_DMAConfig
                0x00000000        0x8 ./system/src/DEVICE/stm32f4xx_tim.o
 .text.TIM_DMACmd
                0x00000000       0x12 ./system/src/DEVICE/stm32f4xx_tim.o
 .text.TIM_SelectCCDMA
                0x00000000       0x18 ./system/src/DEVICE/stm32f4xx_tim.o
 .text.TIM_InternalClockConfig
                0x00000000        0xe ./system/src/DEVICE/stm32f4xx_tim.o
 .text.TIM_ITRxExternalClockConfig
                0x00000000       0x1a ./system/src/DEVICE/stm32f4xx_tim.o
 .text.TIM_TIxExternalClockConfig
                0x00000000       0x34 ./system/src/DEVICE/stm32f4xx_tim.o
 .text.TIM_SelectInputTrigger
                0x00000000       0x10 ./system/src/DEVICE/stm32f4xx_tim.o
 .text.TIM_SelectSlaveMode
                0x00000000       0x16 ./system/src/DEVICE/stm32f4xx_tim.o
 .text.TIM_SelectMasterSlaveMode
                0x00000000       0x16 ./system/src/DEVICE/stm32f4xx_tim.o
 .text.TIM_ETRConfig
                0x00000000       0x14 ./system/src/DEVICE/stm32f4xx_tim.o
 .text.TIM_ETRClockMode1Config
                0x00000000       0x1a ./system/src/DEVICE/stm32f4xx_tim.o
 .text.TIM_ETRClockMode2Config
                0x00000000       0x14 ./system/src/DEVICE/stm32f4xx_tim.o
 .text.TIM_EncoderInterfaceConfig
                0x00000000       0x3c ./system/src/DEVICE/stm32f4xx_tim.o
 .text.TIM_SelectHallSensor
                0x00000000       0x18 ./system/src/DEVICE/stm32f4xx_tim.o
 .text.TIM_RemapConfig
                0x00000000        0x6 ./system/src/DEVICE/stm32f4xx_tim.o
 .text          0x00000000        0x0 ./system/src/CMSIS/system_stm32f4xx.o
 .data          0x00000000        0x0 ./system/src/CMSIS/system_stm32f4xx.o
 .bss           0x00000000        0x0 ./system/src/CMSIS/system_stm32f4xx.o
 .text.SystemCoreClockUpdate
                0x00000000       0x74 ./system/src/CMSIS/system_stm32f4xx.o
 .data.AHBPrescTable
                0x00000000       0x10 ./system/src/CMSIS/system_stm32f4xx.o
 .data.SystemCoreClock
                0x00000000        0x4 ./system/src/CMSIS/system_stm32f4xx.o
 .text          0x00000000        0x0 ./system/src/CMSIS/vectors_stm32f4xx.o
 .data          0x00000000        0x0 ./system/src/CMSIS/vectors_stm32f4xx.o
 .bss           0x00000000        0x0 ./system/src/CMSIS/vectors_stm32f4xx.o
 .text          0x00000000        0x0 ./src/main.o
 .data          0x00000000        0x0 ./src/main.o
 .bss           0x00000000        0x0 ./src/main.o
 .data          0x00000000        0x0 c:/program files (x86)/gnu tools arm embedded/4.8 2014q3/bin/../lib/gcc/arm-none-eabi/4.8.4/armv7e-m/fpu\libgcc.a(_arm_addsubdf3.o)
 .bss           0x00000000        0x0 c:/program files (x86)/gnu tools arm embedded/4.8 2014q3/bin/../lib/gcc/arm-none-eabi/4.8.4/armv7e-m/fpu\libgcc.a(_arm_addsubdf3.o)
 .data          0x00000000        0x0 c:/program files (x86)/gnu tools arm embedded/4.8 2014q3/bin/../lib/gcc/arm-none-eabi/4.8.4/armv7e-m/fpu\libgcc.a(_arm_muldivdf3.o)
 .bss           0x00000000        0x0 c:/program files (x86)/gnu tools arm embedded/4.8 2014q3/bin/../lib/gcc/arm-none-eabi/4.8.4/armv7e-m/fpu\libgcc.a(_arm_muldivdf3.o)
 .data          0x00000000        0x0 c:/program files (x86)/gnu tools arm embedded/4.8 2014q3/bin/../lib/gcc/arm-none-eabi/4.8.4/armv7e-m/fpu\libgcc.a(_arm_fixunsdfsi.o)
 .bss           0x00000000        0x0 c:/program files (x86)/gnu tools arm embedded/4.8 2014q3/bin/../lib/gcc/arm-none-eabi/4.8.4/armv7e-m/fpu\libgcc.a(_arm_fixunsdfsi.o)
 .text          0x00000000      0xa1c c:/program files (x86)/gnu tools arm embedded/4.8 2014q3/bin/../lib/gcc/arm-none-eabi/4.8.4/armv7e-m/fpu\libgcc.a(unwind-arm.o)
 .data          0x00000000        0x0 c:/program files (x86)/gnu tools arm embedded/4.8 2014q3/bin/../lib/gcc/arm-none-eabi/4.8.4/armv7e-m/fpu\libgcc.a(unwind-arm.o)
 .bss           0x00000000        0x0 c:/program files (x86)/gnu tools arm embedded/4.8 2014q3/bin/../lib/gcc/arm-none-eabi/4.8.4/armv7e-m/fpu\libgcc.a(unwind-arm.o)
 .ARM.extab     0x00000000        0xc c:/program files (x86)/gnu tools arm embedded/4.8 2014q3/bin/../lib/gcc/arm-none-eabi/4.8.4/armv7e-m/fpu\libgcc.a(unwind-arm.o)
 .ARM.exidx     0x00000000       0xd8 c:/program files (x86)/gnu tools arm embedded/4.8 2014q3/bin/../lib/gcc/arm-none-eabi/4.8.4/armv7e-m/fpu\libgcc.a(unwind-arm.o)
 .ARM.attributes
                0x00000000       0x34 c:/program files (x86)/gnu tools arm embedded/4.8 2014q3/bin/../lib/gcc/arm-none-eabi/4.8.4/armv7e-m/fpu\libgcc.a(unwind-arm.o)
 .debug_frame   0x00000000      0x2a4 c:/program files (x86)/gnu tools arm embedded/4.8 2014q3/bin/../lib/gcc/arm-none-eabi/4.8.4/armv7e-m/fpu\libgcc.a(unwind-arm.o)
 .text          0x00000000      0x1ac c:/program files (x86)/gnu tools arm embedded/4.8 2014q3/bin/../lib/gcc/arm-none-eabi/4.8.4/armv7e-m/fpu\libgcc.a(libunwind.o)
 .data          0x00000000        0x0 c:/program files (x86)/gnu tools arm embedded/4.8 2014q3/bin/../lib/gcc/arm-none-eabi/4.8.4/armv7e-m/fpu\libgcc.a(libunwind.o)
 .bss           0x00000000        0x0 c:/program files (x86)/gnu tools arm embedded/4.8 2014q3/bin/../lib/gcc/arm-none-eabi/4.8.4/armv7e-m/fpu\libgcc.a(libunwind.o)
 .ARM.attributes
                0x00000000       0x22 c:/program files (x86)/gnu tools arm embedded/4.8 2014q3/bin/../lib/gcc/arm-none-eabi/4.8.4/armv7e-m/fpu\libgcc.a(libunwind.o)
 .text          0x00000000      0x33c c:/program files (x86)/gnu tools arm embedded/4.8 2014q3/bin/../lib/gcc/arm-none-eabi/4.8.4/armv7e-m/fpu\libgcc.a(pr-support.o)
 .data          0x00000000        0x0 c:/program files (x86)/gnu tools arm embedded/4.8 2014q3/bin/../lib/gcc/arm-none-eabi/4.8.4/armv7e-m/fpu\libgcc.a(pr-support.o)
 .bss           0x00000000        0x0 c:/program files (x86)/gnu tools arm embedded/4.8 2014q3/bin/../lib/gcc/arm-none-eabi/4.8.4/armv7e-m/fpu\libgcc.a(pr-support.o)
 .ARM.extab     0x00000000       0x18 c:/program files (x86)/gnu tools arm embedded/4.8 2014q3/bin/../lib/gcc/arm-none-eabi/4.8.4/armv7e-m/fpu\libgcc.a(pr-support.o)
 .ARM.exidx     0x00000000       0x48 c:/program files (x86)/gnu tools arm embedded/4.8 2014q3/bin/../lib/gcc/arm-none-eabi/4.8.4/armv7e-m/fpu\libgcc.a(pr-support.o)
 .ARM.attributes
                0x00000000       0x34 c:/program files (x86)/gnu tools arm embedded/4.8 2014q3/bin/../lib/gcc/arm-none-eabi/4.8.4/armv7e-m/fpu\libgcc.a(pr-support.o)
 .debug_frame   0x00000000       0xe4 c:/program files (x86)/gnu tools arm embedded/4.8 2014q3/bin/../lib/gcc/arm-none-eabi/4.8.4/armv7e-m/fpu\libgcc.a(pr-support.o)
 .text          0x00000000        0x0 c:/program files (x86)/gnu tools arm embedded/4.8 2014q3/bin/../lib/gcc/arm-none-eabi/4.8.4/../../../../arm-none-eabi/lib/armv7e-m/fpu\libg_s.a(lib_a-errno.o)
 .data          0x00000000        0x0 c:/program files (x86)/gnu tools arm embedded/4.8 2014q3/bin/../lib/gcc/arm-none-eabi/4.8.4/../../../../arm-none-eabi/lib/armv7e-m/fpu\libg_s.a(lib_a-errno.o)
 .bss           0x00000000        0x0 c:/program files (x86)/gnu tools arm embedded/4.8 2014q3/bin/../lib/gcc/arm-none-eabi/4.8.4/../../../../arm-none-eabi/lib/armv7e-m/fpu\libg_s.a(lib_a-errno.o)
 .text.__errno  0x00000000        0xc c:/program files (x86)/gnu tools arm embedded/4.8 2014q3/bin/../lib/gcc/arm-none-eabi/4.8.4/../../../../arm-none-eabi/lib/armv7e-m/fpu\libg_s.a(lib_a-errno.o)
 .ARM.attributes
                0x00000000       0x34 c:/program files (x86)/gnu tools arm embedded/4.8 2014q3/bin/../lib/gcc/arm-none-eabi/4.8.4/../../../../arm-none-eabi/lib/armv7e-m/fpu\libg_s.a(lib_a-errno.o)
 .debug_frame   0x00000000       0x20 c:/program files (x86)/gnu tools arm embedded/4.8 2014q3/bin/../lib/gcc/arm-none-eabi/4.8.4/../../../../arm-none-eabi/lib/armv7e-m/fpu\libg_s.a(lib_a-errno.o)
 .text          0x00000000        0x0 c:/program files (x86)/gnu tools arm embedded/4.8 2014q3/bin/../lib/gcc/arm-none-eabi/4.8.4/../../../../arm-none-eabi/lib/armv7e-m/fpu\libg_s.a(lib_a-impure.o)
 .data          0x00000000        0x0 c:/program files (x86)/gnu tools arm embedded/4.8 2014q3/bin/../lib/gcc/arm-none-eabi/4.8.4/../../../../arm-none-eabi/lib/armv7e-m/fpu\libg_s.a(lib_a-impure.o)
 .bss           0x00000000        0x0 c:/program files (x86)/gnu tools arm embedded/4.8 2014q3/bin/../lib/gcc/arm-none-eabi/4.8.4/../../../../arm-none-eabi/lib/armv7e-m/fpu\libg_s.a(lib_a-impure.o)
 .data.impure_data
                0x00000000       0x60 c:/program files (x86)/gnu tools arm embedded/4.8 2014q3/bin/../lib/gcc/arm-none-eabi/4.8.4/../../../../arm-none-eabi/lib/armv7e-m/fpu\libg_s.a(lib_a-impure.o)
 .data._impure_ptr
                0x00000000        0x4 c:/program files (x86)/gnu tools arm embedded/4.8 2014q3/bin/../lib/gcc/arm-none-eabi/4.8.4/../../../../arm-none-eabi/lib/armv7e-m/fpu\libg_s.a(lib_a-impure.o)
 .rodata.str1.1
                0x00000000        0x2 c:/program files (x86)/gnu tools arm embedded/4.8 2014q3/bin/../lib/gcc/arm-none-eabi/4.8.4/../../../../arm-none-eabi/lib/armv7e-m/fpu\libg_s.a(lib_a-impure.o)
 .rodata._global_impure_ptr
                0x00000000        0x4 c:/program files (x86)/gnu tools arm embedded/4.8 2014q3/bin/../lib/gcc/arm-none-eabi/4.8.4/../../../../arm-none-eabi/lib/armv7e-m/fpu\libg_s.a(lib_a-impure.o)
 .ARM.attributes
                0x00000000       0x34 c:/program files (x86)/gnu tools arm embedded/4.8 2014q3/bin/../lib/gcc/arm-none-eabi/4.8.4/../../../../arm-none-eabi/lib/armv7e-m/fpu\libg_s.a(lib_a-impure.o)
 .text          0x00000000        0x0 c:/program files (x86)/gnu tools arm embedded/4.8 2014q3/bin/../lib/gcc/arm-none-eabi/4.8.4/../../../../arm-none-eabi/lib/armv7e-m/fpu\libg_s.a(lib_a-memcpy-stub.o)
 .data          0x00000000        0x0 c:/program files (x86)/gnu tools arm embedded/4.8 2014q3/bin/../lib/gcc/arm-none-eabi/4.8.4/../../../../arm-none-eabi/lib/armv7e-m/fpu\libg_s.a(lib_a-memcpy-stub.o)
 .bss           0x00000000        0x0 c:/program files (x86)/gnu tools arm embedded/4.8 2014q3/bin/../lib/gcc/arm-none-eabi/4.8.4/../../../../arm-none-eabi/lib/armv7e-m/fpu\libg_s.a(lib_a-memcpy-stub.o)
 .text.memcpy   0x00000000       0x12 c:/program files (x86)/gnu tools arm embedded/4.8 2014q3/bin/../lib/gcc/arm-none-eabi/4.8.4/../../../../arm-none-eabi/lib/armv7e-m/fpu\libg_s.a(lib_a-memcpy-stub.o)
 .ARM.attributes
                0x00000000       0x34 c:/program files (x86)/gnu tools arm embedded/4.8 2014q3/bin/../lib/gcc/arm-none-eabi/4.8.4/../../../../arm-none-eabi/lib/armv7e-m/fpu\libg_s.a(lib_a-memcpy-stub.o)
 .debug_frame   0x00000000       0x28 c:/program files (x86)/gnu tools arm embedded/4.8 2014q3/bin/../lib/gcc/arm-none-eabi/4.8.4/../../../../arm-none-eabi/lib/armv7e-m/fpu\libg_s.a(lib_a-memcpy-stub.o)

Memory Configuration

Name             Origin             Length             Attributes
RAM              0x20000000         0x00020000         xrw
CCMRAM           0x10000000         0x00010000         xrw
FLASH            0x08000000         0x00100000         xr
FLASHB1          0x00000000         0x00000000         xr
EXTMEMB0         0x00000000         0x00000000         xr
EXTMEMB1         0x00000000         0x00000000         xr
EXTMEMB2         0x00000000         0x00000000         xr
EXTMEMB3         0x00000000         0x00000000         xr
MEMORY_ARRAY     0x20002000         0x00000020         xrw
*default*        0x00000000         0xffffffff

Linker script and memory map

LOAD ./system/src/newlib/_cxx.o
LOAD ./system/src/newlib/_exit.o
LOAD ./system/src/newlib/_sbrk.o
LOAD ./system/src/newlib/_startup.o
LOAD ./system/src/newlib/_syscalls.o
LOAD ./system/src/newlib/_write.o
LOAD ./system/src/newlib/assert.o
LOAD ./system/src/diag/Trace.o
LOAD ./system/src/diag/trace_impl.o
LOAD ./system/src/cortexm/_initialize_hardware.o
LOAD ./system/src/cortexm/_reset_hardware.o
LOAD ./system/src/cortexm/exception_handlers.o
LOAD ./system/src/DEVICE/misc.o
LOAD ./system/src/DEVICE/stm32f4xx_adc.o
LOAD ./system/src/DEVICE/stm32f4xx_dac.o
LOAD ./system/src/DEVICE/stm32f4xx_exti.o
LOAD ./system/src/DEVICE/stm32f4xx_gpio.o
LOAD ./system/src/DEVICE/stm32f4xx_pwr.o
LOAD ./system/src/DEVICE/stm32f4xx_rcc.o
LOAD ./system/src/DEVICE/stm32f4xx_rtc.o
LOAD ./system/src/DEVICE/stm32f4xx_syscfg.o
LOAD ./system/src/DEVICE/stm32f4xx_tim.o
LOAD ./system/src/CMSIS/system_stm32f4xx.o
LOAD ./system/src/CMSIS/vectors_stm32f4xx.o
LOAD ./src/main.o
LOAD c:/program files (x86)/gnu tools arm embedded/4.8 2014q3/bin/../lib/gcc/arm-none-eabi/4.8.4/../../../../arm-none-eabi/lib/armv7e-m/fpu\libstdc++_s.a
LOAD c:/program files (x86)/gnu tools arm embedded/4.8 2014q3/bin/../lib/gcc/arm-none-eabi/4.8.4/../../../../arm-none-eabi/lib/armv7e-m/fpu\libm.a
START GROUP
LOAD c:/program files (x86)/gnu tools arm embedded/4.8 2014q3/bin/../lib/gcc/arm-none-eabi/4.8.4/armv7e-m/fpu\libgcc.a
LOAD c:/program files (x86)/gnu tools arm embedded/4.8 2014q3/bin/../lib/gcc/arm-none-eabi/4.8.4/../../../../arm-none-eabi/lib/armv7e-m/fpu\libg_s.a
LOAD c:/program files (x86)/gnu tools arm embedded/4.8 2014q3/bin/../lib/gcc/arm-none-eabi/4.8.4/../../../../arm-none-eabi/lib/armv7e-m/fpu\libc_s.a
END GROUP
START GROUP
LOAD c:/program files (x86)/gnu tools arm embedded/4.8 2014q3/bin/../lib/gcc/arm-none-eabi/4.8.4/armv7e-m/fpu\libgcc.a
LOAD c:/program files (x86)/gnu tools arm embedded/4.8 2014q3/bin/../lib/gcc/arm-none-eabi/4.8.4/../../../../arm-none-eabi/lib/armv7e-m/fpu\libc_s.a
END GROUP
                0x20020000                __stack = (ORIGIN (RAM) + 0x20000)
                0x20020000                _estack = __stack
                0x00000400                __Main_Stack_Size = 0x400
                0x00000400                PROVIDE (_Main_Stack_Size, __Main_Stack_Size)
                0x2001fc00                __Main_Stack_Limit = (__stack - __Main_Stack_Size)
                0x2001fc00                PROVIDE (_Main_Stack_Limit, __Main_Stack_Limit)
                0x00000100                _Minimum_Stack_Size = 0x100
                0x2000000c                PROVIDE (_Heap_Begin, _end_noinit)
                0x2001fc00                PROVIDE (_Heap_Limit, (__stack - __Main_Stack_Size))

.isr_vector     0x08000000      0x260
                0x08000000                . = ALIGN (0x4)
 *(.isr_vector)
 .isr_vector    0x08000000      0x188 ./system/src/CMSIS/vectors_stm32f4xx.o
                0x08000000                __isr_vectors
 *(.cfmconfig)
 *(.after_vectors .after_vectors.*)
 .after_vectors
                0x08000188       0xc0 ./system/src/newlib/_startup.o
                0x08000188                _start
 .after_vectors
                0x08000248       0x16 ./system/src/cortexm/exception_handlers.o
                0x08000248                Reset_Handler
                0x0800024c                NMI_Handler
                0x0800024e                HardFault_Handler
                0x08000250                MemManage_Handler
                0x08000252                BusFault_Handler
                0x08000254                UsageFault_Handler
                0x08000256                SVC_Handler
                0x08000258                DebugMon_Handler
                0x0800025a                PendSV_Handler
                0x0800025c                SysTick_Handler
 .after_vectors
                0x0800025e        0x2 ./system/src/CMSIS/vectors_stm32f4xx.o
                0x0800025e                RTC_Alarm_IRQHandler
                0x0800025e                HASH_RNG_IRQHandler
                0x0800025e                EXTI2_IRQHandler
                0x0800025e                TIM8_CC_IRQHandler
                0x0800025e                SPI4_IRQHandler
                0x0800025e                TIM1_CC_IRQHandler
                0x0800025e                DMA2_Stream5_IRQHandler
                0x0800025e                DMA1_Stream5_IRQHandler
                0x0800025e                PVD_IRQHandler
                0x0800025e                SDIO_IRQHandler
                0x0800025e                TAMP_STAMP_IRQHandler
                0x0800025e                CAN2_RX1_IRQHandler
                0x0800025e                EXTI3_IRQHandler
                0x0800025e                TIM8_TRG_COM_TIM14_IRQHandler
                0x0800025e                TIM1_UP_TIM10_IRQHandler
                0x0800025e                TIM8_UP_TIM13_IRQHandler
                0x0800025e                I2C3_ER_IRQHandler
                0x0800025e                EXTI0_IRQHandler
                0x0800025e                I2C2_EV_IRQHandler
                0x0800025e                DMA1_Stream2_IRQHandler
                0x0800025e                CAN1_RX0_IRQHandler
                0x0800025e                FPU_IRQHandler
                0x0800025e                OTG_HS_WKUP_IRQHandler
                0x0800025e                CAN2_SCE_IRQHandler
                0x0800025e                DMA2_Stream2_IRQHandler
                0x0800025e                SPI1_IRQHandler
                0x0800025e                TIM6_DAC_IRQHandler
                0x0800025e                TIM1_BRK_TIM9_IRQHandler
                0x0800025e                DCMI_IRQHandler
                0x0800025e                CAN2_RX0_IRQHandler
                0x0800025e                DMA2_Stream3_IRQHandler
                0x0800025e                USART6_IRQHandler
                0x0800025e                USART3_IRQHandler
                0x0800025e                CRYP_IRQHandler
                0x0800025e                CAN1_RX1_IRQHandler
                0x0800025e                UART5_IRQHandler
                0x0800025e                DMA2_Stream0_IRQHandler
                0x0800025e                TIM4_IRQHandler
                0x0800025e                I2C1_EV_IRQHandler
                0x0800025e                DMA1_Stream6_IRQHandler
                0x0800025e                DMA1_Stream1_IRQHandler
                0x0800025e                UART4_IRQHandler
                0x0800025e                TIM3_IRQHandler
                0x0800025e                RCC_IRQHandler
                0x0800025e                TIM8_BRK_TIM12_IRQHandler
                0x0800025e                Default_Handler
                0x0800025e                EXTI15_10_IRQHandler
                0x0800025e                DMA1_Stream7_IRQHandler
                0x0800025e                SPI5_IRQHandler
                0x0800025e                TIM7_IRQHandler
                0x0800025e                CAN2_TX_IRQHandler
                0x0800025e                TIM5_IRQHandler
                0x0800025e                DMA2_Stream7_IRQHandler
                0x0800025e                I2C3_EV_IRQHandler
                0x0800025e                EXTI9_5_IRQHandler
                0x0800025e                RTC_WKUP_IRQHandler
                0x0800025e                ETH_WKUP_IRQHandler
                0x0800025e                SPI2_IRQHandler
                0x0800025e                OTG_HS_EP1_IN_IRQHandler
                0x0800025e                DMA1_Stream0_IRQHandler
                0x0800025e                CAN1_TX_IRQHandler
                0x0800025e                EXTI4_IRQHandler
                0x0800025e                FSMC_IRQHandler
                0x0800025e                ETH_IRQHandler
                0x0800025e                OTG_HS_EP1_OUT_IRQHandler
                0x0800025e                WWDG_IRQHandler
                0x0800025e                TIM2_IRQHandler
                0x0800025e                OTG_FS_WKUP_IRQHandler
                0x0800025e                TIM1_TRG_COM_TIM11_IRQHandler
                0x0800025e                OTG_HS_IRQHandler
                0x0800025e                EXTI1_IRQHandler
                0x0800025e                USART2_IRQHandler
                0x0800025e                I2C2_ER_IRQHandler
                0x0800025e                DMA2_Stream1_IRQHandler
                0x0800025e                CAN1_SCE_IRQHandler
                0x0800025e                FLASH_IRQHandler
                0x0800025e                DMA2_Stream4_IRQHandler
                0x0800025e                USART1_IRQHandler
                0x0800025e                OTG_FS_IRQHandler
                0x0800025e                SPI3_IRQHandler
                0x0800025e                DMA1_Stream4_IRQHandler
                0x0800025e                I2C1_ER_IRQHandler
                0x0800025e                DMA2_Stream6_IRQHandler
                0x0800025e                DMA1_Stream3_IRQHandler
                0x08000260                . = ALIGN (0x4)

.inits          0x08000260        0x0
                0x08000260                . = ALIGN (0x4)
 *(.init)
 *(.fini)
                0x08000260                . = ALIGN (0x4)
                0x08000260                PROVIDE (__preinit_array_start, .)
 *(.preinit_array_sysinit .preinit_array_sysinit.*)
 *(.preinit_array_platform .preinit_array_platform.*)
 *(.preinit_array .preinit_array.*)
                0x08000260                PROVIDE (__preinit_array_end, .)
                0x08000260                . = ALIGN (0x4)
                0x08000260                PROVIDE (__init_array_start, .)
 *(SORT(.init_array.*))
 *(.init_array)
                0x08000260                PROVIDE (__init_array_end, .)
                0x08000260                . = ALIGN (0x4)
                0x08000260                PROVIDE (__fini_array_start, .)
 *(SORT(.fini_array.*))
 *(.fini_array)
                0x08000260                PROVIDE (__fini_array_end, .)
                0x08000260                . = ALIGN (0x4)

.flashtext      0x08000260        0x0
                0x08000260                . = ALIGN (0x4)
 *(.flashtext .flashtext.*)
                0x08000260                . = ALIGN (0x4)

.text           0x08000260      0xec0
                0x08000260                . = ALIGN (0x4)
 *(.text .text.*)
 .text._exit    0x08000260        0x6 ./system/src/newlib/_exit.o
                0x08000260                _exit
 *fill*         0x08000266        0x2 
 .text.__initialize_args
                0x08000268       0x10 ./system/src/newlib/_syscalls.o
                0x08000268                __initialize_args
 .text.__initialize_hardware
                0x08000278       0x1c ./system/src/cortexm/_initialize_hardware.o
                0x08000278                __initialize_hardware
 .text.__reset_hardware
                0x08000294       0x20 ./system/src/cortexm/_reset_hardware.o
                0x08000294                __reset_hardware
 .text.NVIC_Init
                0x080002b4       0x6c ./system/src/DEVICE/misc.o
                0x080002b4                NVIC_Init
 .text.ADC_Init
                0x08000320       0x4c ./system/src/DEVICE/stm32f4xx_adc.o
                0x08000320                ADC_Init
 .text.ADC_CommonInit
                0x0800036c       0x28 ./system/src/DEVICE/stm32f4xx_adc.o
                0x0800036c                ADC_CommonInit
 .text.ADC_Cmd  0x08000394       0x12 ./system/src/DEVICE/stm32f4xx_adc.o
                0x08000394                ADC_Cmd
 .text.ADC_RegularChannelConfig
                0x080003a6       0x90 ./system/src/DEVICE/stm32f4xx_adc.o
                0x080003a6                ADC_RegularChannelConfig
 .text.ADC_GetConversionValue
                0x08000436        0x6 ./system/src/DEVICE/stm32f4xx_adc.o
                0x08000436                ADC_GetConversionValue
 .text.ADC_ITConfig
                0x0800043c       0x18 ./system/src/DEVICE/stm32f4xx_adc.o
                0x0800043c                ADC_ITConfig
 .text.ADC_ClearITPendingBit
                0x08000454        0x8 ./system/src/DEVICE/stm32f4xx_adc.o
                0x08000454                ADC_ClearITPendingBit
 .text.DAC_Init
                0x0800045c       0x2c ./system/src/DEVICE/stm32f4xx_dac.o
                0x0800045c                DAC_Init
 .text.DAC_Cmd  0x08000488       0x20 ./system/src/DEVICE/stm32f4xx_dac.o
                0x08000488                DAC_Cmd
 .text.DAC_SetChannel1Data
                0x080004a8       0x20 ./system/src/DEVICE/stm32f4xx_dac.o
                0x080004a8                DAC_SetChannel1Data
 .text.GPIO_Init
                0x080004c8       0x80 ./system/src/DEVICE/stm32f4xx_gpio.o
                0x080004c8                GPIO_Init
 .text.GPIO_StructInit
                0x08000548       0x12 ./system/src/DEVICE/stm32f4xx_gpio.o
                0x08000548                GPIO_StructInit
 .text.GPIO_ToggleBits
                0x0800055a        0x8 ./system/src/DEVICE/stm32f4xx_gpio.o
                0x0800055a                GPIO_ToggleBits
 *fill*         0x08000562        0x2 
 .text.RCC_AHB1PeriphClockCmd
                0x08000564       0x18 ./system/src/DEVICE/stm32f4xx_rcc.o
                0x08000564                RCC_AHB1PeriphClockCmd
 .text.RCC_APB1PeriphClockCmd
                0x0800057c       0x18 ./system/src/DEVICE/stm32f4xx_rcc.o
                0x0800057c                RCC_APB1PeriphClockCmd
 .text.RCC_APB2PeriphClockCmd
                0x08000594       0x18 ./system/src/DEVICE/stm32f4xx_rcc.o
                0x08000594                RCC_APB2PeriphClockCmd
 .text.TIM_TimeBaseInit
                0x080005ac       0x7c ./system/src/DEVICE/stm32f4xx_tim.o
                0x080005ac                TIM_TimeBaseInit
 .text.TIM_TimeBaseStructInit
                0x08000628       0x12 ./system/src/DEVICE/stm32f4xx_tim.o
                0x08000628                TIM_TimeBaseStructInit
 .text.TIM_Cmd  0x0800063a       0x18 ./system/src/DEVICE/stm32f4xx_tim.o
                0x0800063a                TIM_Cmd
 .text.TIM_SelectOutputTrigger
                0x08000652       0x16 ./system/src/DEVICE/stm32f4xx_tim.o
                0x08000652                TIM_SelectOutputTrigger
 .text.SystemInit
                0x08000668       0xf8 ./system/src/CMSIS/system_stm32f4xx.o
                0x08000668                SystemInit
 .text.RCCInit  0x08000760       0x32 ./src/main.o
                0x08000760                RCCInit
 *fill*         0x08000792        0x2 
 .text.GPIOInit
                0x08000794       0x6c ./src/main.o
                0x08000794                GPIOInit
 .text.TimerInit
                0x08000800       0x40 ./src/main.o
                0x08000800                TimerInit
 .text.EnableTimerInterrupt
                0x08000840       0x1a ./src/main.o
                0x08000840                EnableTimerInterrupt
 *fill*         0x0800085a        0x2 
 .text.ADC_IRQHandler
                0x0800085c       0x50 ./src/main.o
                0x0800085c                ADC_IRQHandler
 .text.ADCInit  0x080008ac       0x64 ./src/main.o
                0x080008ac                ADCInit
 .text.DACInit  0x08000910       0x1e ./src/main.o
                0x08000910                DACInit
 .text.startup.main
                0x0800092e       0x1c ./src/main.o
                0x0800092e                main
 *fill*         0x0800094a        0x2 
 .text          0x0800094c      0x370 c:/program files (x86)/gnu tools arm embedded/4.8 2014q3/bin/../lib/gcc/arm-none-eabi/4.8.4/armv7e-m/fpu\libgcc.a(_arm_addsubdf3.o)
                0x0800094c                __aeabi_drsub
                0x08000954                __aeabi_dsub
                0x08000954                __subdf3
                0x08000958                __aeabi_dadd
                0x08000958                __adddf3
                0x08000bd0                __floatunsidf
                0x08000bd0                __aeabi_ui2d
                0x08000bf0                __floatsidf
                0x08000bf0                __aeabi_i2d
                0x08000c14                __aeabi_f2d
                0x08000c14                __extendsfdf2
                0x08000c50                __floatundidf
                0x08000c50                __aeabi_ul2d
                0x08000c60                __floatdidf
                0x08000c60                __aeabi_l2d
 .text          0x08000cbc      0x424 c:/program files (x86)/gnu tools arm embedded/4.8 2014q3/bin/../lib/gcc/arm-none-eabi/4.8.4/armv7e-m/fpu\libgcc.a(_arm_muldivdf3.o)
                0x08000cbc                __aeabi_dmul
                0x08000cbc                __muldf3
                0x08000f10                __divdf3
                0x08000f10                __aeabi_ddiv
 .text          0x080010e0       0x40 c:/program files (x86)/gnu tools arm embedded/4.8 2014q3/bin/../lib/gcc/arm-none-eabi/4.8.4/armv7e-m/fpu\libgcc.a(_arm_fixunsdfsi.o)
                0x080010e0                __aeabi_d2uiz
                0x080010e0                __fixunsdfsi
 *(.rodata .rodata.*)
 *(vtable)
 *(.eh_frame*)
 *(.glue_7)
 .glue_7        0x00000000        0x0 linker stubs
 *(.glue_7t)
 .glue_7t       0x00000000        0x0 linker stubs

.vfp11_veneer   0x08001120        0x0
 .vfp11_veneer  0x00000000        0x0 linker stubs

.v4_bx          0x08001120        0x0
 .v4_bx         0x00000000        0x0 linker stubs

.iplt           0x08001120        0x0
 .iplt          0x00000000        0x0 ./system/src/newlib/_cxx.o

.rel.dyn        0x08001120        0x0
 .rel.iplt      0x00000000        0x0 ./system/src/newlib/_cxx.o

.ARM.extab
 *(.ARM.extab* .gnu.linkonce.armextab.*)
                0x08001120                __exidx_start = .

.ARM.exidx
 *(.ARM.exidx* .gnu.linkonce.armexidx.*)
                0x08001120                __exidx_end = .
                0x08001120                . = ALIGN (0x4)
                0x08001120                _etext = .
                0x08001120                __etext = .
                0x08001120                _sidata = _etext

.data           0x20000000        0x8 load address 0x08001120
                0x20000000                . = ALIGN (0x4)
                0x20000000                _sdata = .
                0x20000000                __data_start__ = .
 *(.data_begin .data_begin.*)
 *(.data .data.*)
 .data.argv.4014
                0x20000000        0x8 ./system/src/newlib/_syscalls.o
 *(.data_end .data_end.*)
                0x20000008                . = ALIGN (0x4)
                0x20000008                _edata = .
                0x20000008                __data_end__ = .

.igot.plt       0x20000008        0x0 load address 0x08001128
 .igot.plt      0x00000000        0x0 ./system/src/newlib/_cxx.o

.bss            0x20000008        0x4 load address 0x08001128
                0x20000008                . = ALIGN (0x4)
                0x20000008                __bss_start__ = .
                0x20000008                _sbss = .
 *(.bss_begin .bss_begin.*)
 *(.bss .bss.*)
 .bss.name.4013
                0x20000008        0x1 ./system/src/newlib/_syscalls.o
 *(COMMON)
 *(.bss_end .bss_end.*)
                0x2000000c                . = ALIGN (0x4)
 *fill*         0x20000009        0x3 
                0x2000000c                __bss_end__ = .
                0x2000000c                _ebss = .

.noinit         0x2000000c        0x0
                0x2000000c                . = ALIGN (0x4)
                0x2000000c                _noinit = .
 *(.noinit .noinit.*)
                0x2000000c                . = ALIGN (0x4)
                0x2000000c                _end_noinit = .
                0x2000000c                PROVIDE (end, _end_noinit)
                0x2000000c                PROVIDE (_end, _end_noinit)
                0x2000000c                PROVIDE (__end, _end_noinit)
                0x2000000c                PROVIDE (__end__, _end_noinit)

._check_stack   0x2000000c      0x100 load address 0x0800112c
                0x2000000c                . = ALIGN (0x4)
                0x2000010c                . = (. + _Minimum_Stack_Size)
 *fill*         0x2000000c      0x100 
                0x2000010c                . = ALIGN (0x4)

.bss_CCMRAM
 *(.bss.CCMRAM .bss.CCMRAM.*)

.b1text
 *(.b1text)
 *(.b1rodata)
 *(.b1rodata.*)

.eb0text
 *(.eb0text)
 *(.eb0rodata)
 *(.eb0rodata.*)

.eb1text
 *(.eb1text)
 *(.eb1rodata)
 *(.eb1rodata.*)

.eb2text
 *(.eb2text)
 *(.eb2rodata)
 *(.eb2rodata.*)

.eb3text
 *(.eb3text)
 *(.eb3rodata)
 *(.eb3rodata.*)

.stab
 *(.stab)

.stabstr
 *(.stabstr)

.stab.excl
 *(.stab.excl)

.stab.exclstr
 *(.stab.exclstr)

.stab.index
 *(.stab.index)

.stab.indexstr
 *(.stab.indexstr)

.comment        0x00000000       0x70
 *(.comment)
 .comment       0x00000000       0x70 ./system/src/newlib/_exit.o
                                 0x71 (size before relaxing)
 .comment       0x00000000       0x71 ./system/src/newlib/_startup.o
 .comment       0x00000000       0x71 ./system/src/newlib/_syscalls.o
 .comment       0x00000000       0x71 ./system/src/cortexm/_initialize_hardware.o
 .comment       0x00000000       0x71 ./system/src/cortexm/_reset_hardware.o
 .comment       0x00000000       0x71 ./system/src/cortexm/exception_handlers.o
 .comment       0x00000000       0x71 ./system/src/DEVICE/misc.o
 .comment       0x00000000       0x71 ./system/src/DEVICE/stm32f4xx_adc.o
 .comment       0x00000000       0x71 ./system/src/DEVICE/stm32f4xx_dac.o
 .comment       0x00000000       0x71 ./system/src/DEVICE/stm32f4xx_gpio.o
 .comment       0x00000000       0x71 ./system/src/DEVICE/stm32f4xx_rcc.o
 .comment       0x00000000       0x71 ./system/src/DEVICE/stm32f4xx_tim.o
 .comment       0x00000000       0x71 ./system/src/CMSIS/system_stm32f4xx.o
 .comment       0x00000000       0x71 ./system/src/CMSIS/vectors_stm32f4xx.o
 .comment       0x00000000       0x71 ./src/main.o

.ARM.attributes
                0x00000000       0x39
 .ARM.attributes
                0x00000000       0x39 ./system/src/newlib/_exit.o
 .ARM.attributes
                0x00000039       0x39 ./system/src/newlib/_startup.o
 .ARM.attributes
                0x00000072       0x39 ./system/src/newlib/_syscalls.o
 .ARM.attributes
                0x000000ab       0x39 ./system/src/cortexm/_initialize_hardware.o
 .ARM.attributes
                0x000000e4       0x39 ./system/src/cortexm/_reset_hardware.o
 .ARM.attributes
                0x0000011d       0x39 ./system/src/cortexm/exception_handlers.o
 .ARM.attributes
                0x00000156       0x39 ./system/src/DEVICE/misc.o
 .ARM.attributes
                0x0000018f       0x39 ./system/src/DEVICE/stm32f4xx_adc.o
 .ARM.attributes
                0x000001c8       0x39 ./system/src/DEVICE/stm32f4xx_dac.o
 .ARM.attributes
                0x00000201       0x39 ./system/src/DEVICE/stm32f4xx_gpio.o
 .ARM.attributes
                0x0000023a       0x39 ./system/src/DEVICE/stm32f4xx_rcc.o
 .ARM.attributes
                0x00000273       0x39 ./system/src/DEVICE/stm32f4xx_tim.o
 .ARM.attributes
                0x000002ac       0x39 ./system/src/CMSIS/system_stm32f4xx.o
 .ARM.attributes
                0x000002e5       0x39 ./system/src/CMSIS/vectors_stm32f4xx.o
 .ARM.attributes
                0x0000031e       0x39 ./src/main.o
 .ARM.attributes
                0x00000357       0x22 c:/program files (x86)/gnu tools arm embedded/4.8 2014q3/bin/../lib/gcc/arm-none-eabi/4.8.4/armv7e-m/fpu\libgcc.a(_arm_addsubdf3.o)
 .ARM.attributes
                0x00000379       0x22 c:/program files (x86)/gnu tools arm embedded/4.8 2014q3/bin/../lib/gcc/arm-none-eabi/4.8.4/armv7e-m/fpu\libgcc.a(_arm_muldivdf3.o)
 .ARM.attributes
                0x0000039b       0x22 c:/program files (x86)/gnu tools arm embedded/4.8 2014q3/bin/../lib/gcc/arm-none-eabi/4.8.4/armv7e-m/fpu\libgcc.a(_arm_fixunsdfsi.o)

.debug
 *(.debug)

.line
 *(.line)

.debug_srcinfo
 *(.debug_srcinfo)

.debug_sfnames
 *(.debug_sfnames)

.debug_aranges  0x00000000      0x938
 *(.debug_aranges)
 .debug_aranges
                0x00000000       0x28 ./system/src/newlib/_exit.o
 .debug_aranges
                0x00000028       0x40 ./system/src/newlib/_startup.o
 .debug_aranges
                0x00000068       0x30 ./system/src/newlib/_syscalls.o
 .debug_aranges
                0x00000098       0x20 ./system/src/cortexm/_initialize_hardware.o
 .debug_aranges
                0x000000b8       0x20 ./system/src/cortexm/_reset_hardware.o
 .debug_aranges
                0x000000d8       0x68 ./system/src/cortexm/exception_handlers.o
 .debug_aranges
                0x00000140       0x40 ./system/src/DEVICE/misc.o
 .debug_aranges
                0x00000180      0x148 ./system/src/DEVICE/stm32f4xx_adc.o
 .debug_aranges
                0x000002c8       0xa0 ./system/src/DEVICE/stm32f4xx_dac.o
 .debug_aranges
                0x00000368       0x88 ./system/src/DEVICE/stm32f4xx_gpio.o
 .debug_aranges
                0x000003f0      0x1c0 ./system/src/DEVICE/stm32f4xx_rcc.o
 .debug_aranges
                0x000005b0      0x2e8 ./system/src/DEVICE/stm32f4xx_tim.o
 .debug_aranges
                0x00000898       0x28 ./system/src/CMSIS/system_stm32f4xx.o
 .debug_aranges
                0x000008c0       0x20 ./system/src/CMSIS/vectors_stm32f4xx.o
 .debug_aranges
                0x000008e0       0x58 ./src/main.o

.debug_pubnames
 *(.debug_pubnames)

.debug_info     0x00000000     0x6fb2
 *(.debug_info .gnu.linkonce.wi.*)
 .debug_info    0x00000000      0x100 ./system/src/newlib/_exit.o
 .debug_info    0x00000100      0x406 ./system/src/newlib/_startup.o
 .debug_info    0x00000506      0x1a5 ./system/src/newlib/_syscalls.o
 .debug_info    0x000006ab      0x25f ./system/src/cortexm/_initialize_hardware.o
 .debug_info    0x0000090a      0x291 ./system/src/cortexm/_reset_hardware.o
 .debug_info    0x00000b9b       0xd0 ./system/src/cortexm/exception_handlers.o
 .debug_info    0x00000c6b      0x524 ./system/src/DEVICE/misc.o
 .debug_info    0x0000118f      0xc5c ./system/src/DEVICE/stm32f4xx_adc.o
 .debug_info    0x00001deb      0x66c ./system/src/DEVICE/stm32f4xx_dac.o
 .debug_info    0x00002457      0x71b ./system/src/DEVICE/stm32f4xx_gpio.o
 .debug_info    0x00002b72      0xe49 ./system/src/DEVICE/stm32f4xx_rcc.o
 .debug_info    0x000039bb     0x2053 ./system/src/DEVICE/stm32f4xx_tim.o
 .debug_info    0x00005a0e      0x5b2 ./system/src/CMSIS/system_stm32f4xx.o
 .debug_info    0x00005fc0       0x8e ./system/src/CMSIS/vectors_stm32f4xx.o
 .debug_info    0x0000604e      0xf64 ./src/main.o

.debug_abbrev   0x00000000     0x14a2
 *(.debug_abbrev)
 .debug_abbrev  0x00000000       0xb8 ./system/src/newlib/_exit.o
 .debug_abbrev  0x000000b8      0x1c3 ./system/src/newlib/_startup.o
 .debug_abbrev  0x0000027b       0xe4 ./system/src/newlib/_syscalls.o
 .debug_abbrev  0x0000035f       0xd6 ./system/src/cortexm/_initialize_hardware.o
 .debug_abbrev  0x00000435       0xe7 ./system/src/cortexm/_reset_hardware.o
 .debug_abbrev  0x0000051c       0x2c ./system/src/cortexm/exception_handlers.o
 .debug_abbrev  0x00000548      0x156 ./system/src/DEVICE/misc.o
 .debug_abbrev  0x0000069e      0x1ce ./system/src/DEVICE/stm32f4xx_adc.o
 .debug_abbrev  0x0000086c      0x1d2 ./system/src/DEVICE/stm32f4xx_dac.o
 .debug_abbrev  0x00000a3e      0x1e8 ./system/src/DEVICE/stm32f4xx_gpio.o
 .debug_abbrev  0x00000c26      0x1e2 ./system/src/DEVICE/stm32f4xx_rcc.o
 .debug_abbrev  0x00000e08      0x2af ./system/src/DEVICE/stm32f4xx_tim.o
 .debug_abbrev  0x000010b7      0x15f ./system/src/CMSIS/system_stm32f4xx.o
 .debug_abbrev  0x00001216       0x8f ./system/src/CMSIS/vectors_stm32f4xx.o
 .debug_abbrev  0x000012a5      0x1fd ./src/main.o

.debug_line     0x00000000     0x2446
 *(.debug_line)
 .debug_line    0x00000000      0x139 ./system/src/newlib/_exit.o
 .debug_line    0x00000139      0x103 ./system/src/newlib/_startup.o
 .debug_line    0x0000023c      0x13c ./system/src/newlib/_syscalls.o
 .debug_line    0x00000378      0x107 ./system/src/cortexm/_initialize_hardware.o
 .debug_line    0x0000047f      0x10f ./system/src/cortexm/_reset_hardware.o
 .debug_line    0x0000058e       0x6d ./system/src/cortexm/exception_handlers.o
 .debug_line    0x000005fb      0x173 ./system/src/DEVICE/misc.o
 .debug_line    0x0000076e      0x497 ./system/src/DEVICE/stm32f4xx_adc.o
 .debug_line    0x00000c05      0x291 ./system/src/DEVICE/stm32f4xx_dac.o
 .debug_line    0x00000e96      0x275 ./system/src/DEVICE/stm32f4xx_gpio.o
 .debug_line    0x0000110b      0x559 ./system/src/DEVICE/stm32f4xx_rcc.o
 .debug_line    0x00001664      0x9f8 ./system/src/DEVICE/stm32f4xx_tim.o
 .debug_line    0x0000205c      0x14e ./system/src/CMSIS/system_stm32f4xx.o
 .debug_line    0x000021aa       0x58 ./system/src/CMSIS/vectors_stm32f4xx.o
 .debug_line    0x00002202      0x244 ./src/main.o

.debug_frame    0x00000000     0x12a0
 *(.debug_frame)
 .debug_frame   0x00000000       0x40 ./system/src/newlib/_exit.o
 .debug_frame   0x00000040       0x84 ./system/src/newlib/_startup.o
 .debug_frame   0x000000c4       0x50 ./system/src/newlib/_syscalls.o
 .debug_frame   0x00000114       0x28 ./system/src/cortexm/_initialize_hardware.o
 .debug_frame   0x0000013c       0x20 ./system/src/cortexm/_reset_hardware.o
 .debug_frame   0x0000015c       0xb0 ./system/src/cortexm/exception_handlers.o
 .debug_frame   0x0000020c       0x68 ./system/src/DEVICE/misc.o
 .debug_frame   0x00000274      0x2a8 ./system/src/DEVICE/stm32f4xx_adc.o
 .debug_frame   0x0000051c      0x140 ./system/src/DEVICE/stm32f4xx_dac.o
 .debug_frame   0x0000065c      0x114 ./system/src/DEVICE/stm32f4xx_gpio.o
 .debug_frame   0x00000770      0x37c ./system/src/DEVICE/stm32f4xx_rcc.o
 .debug_frame   0x00000aec      0x66c ./system/src/DEVICE/stm32f4xx_tim.o
 .debug_frame   0x00001158       0x34 ./system/src/CMSIS/system_stm32f4xx.o
 .debug_frame   0x0000118c       0x20 ./system/src/CMSIS/vectors_stm32f4xx.o
 .debug_frame   0x000011ac       0xf4 ./src/main.o

.debug_str      0x00000000     0x2c43
 *(.debug_str)
 .debug_str     0x00000000      0x1be ./system/src/newlib/_exit.o
                                0x1f7 (size before relaxing)
 .debug_str     0x000001be      0x159 ./system/src/newlib/_startup.o
                                0x322 (size before relaxing)
 .debug_str     0x00000317       0x4d ./system/src/newlib/_syscalls.o
                                0x217 (size before relaxing)
 .debug_str     0x00000364       0xb4 ./system/src/cortexm/_initialize_hardware.o
                                0x26e (size before relaxing)
 .debug_str     0x00000418       0x3f ./system/src/cortexm/_reset_hardware.o
                                0x270 (size before relaxing)
 .debug_str     0x00000457       0xc9 ./system/src/cortexm/exception_handlers.o
                                0x1d8 (size before relaxing)
 .debug_str     0x00000520      0x1f7 ./system/src/DEVICE/misc.o
                                0x41e (size before relaxing)
 .debug_str     0x00000717      0x64e ./system/src/DEVICE/stm32f4xx_adc.o
                                0x860 (size before relaxing)
 .debug_str     0x00000d65      0x271 ./system/src/DEVICE/stm32f4xx_dac.o
                                0x4af (size before relaxing)
 .debug_str     0x00000fd6      0x318 ./system/src/DEVICE/stm32f4xx_gpio.o
                                0x50c (size before relaxing)
 .debug_str     0x000012ee      0x737 ./system/src/DEVICE/stm32f4xx_rcc.o
                                0x9f1 (size before relaxing)
 .debug_str     0x00001a25      0xb65 ./system/src/DEVICE/stm32f4xx_tim.o
                                0xe43 (size before relaxing)
 .debug_str     0x0000258a       0xa1 ./system/src/CMSIS/system_stm32f4xx.o
                                0x40e (size before relaxing)
 .debug_str     0x0000262b       0x57 ./system/src/CMSIS/vectors_stm32f4xx.o
                                0x17c (size before relaxing)
 .debug_str     0x00002682      0x5c1 ./src/main.o
                                0xe04 (size before relaxing)

.debug_loc      0x00000000     0x3e4b
 *(.debug_loc)
 .debug_loc     0x00000000       0x21 ./system/src/newlib/_exit.o
 .debug_loc     0x00000021      0x2a4 ./system/src/newlib/_startup.o
 .debug_loc     0x000002c5       0x63 ./system/src/newlib/_syscalls.o
 .debug_loc     0x00000328      0x147 ./system/src/DEVICE/misc.o
 .debug_loc     0x0000046f      0xa13 ./system/src/DEVICE/stm32f4xx_adc.o
 .debug_loc     0x00000e82      0x48d ./system/src/DEVICE/stm32f4xx_dac.o
 .debug_loc     0x0000130f      0x37b ./system/src/DEVICE/stm32f4xx_gpio.o
 .debug_loc     0x0000168a      0xbae ./system/src/DEVICE/stm32f4xx_rcc.o
 .debug_loc     0x00002238     0x1ad6 ./system/src/DEVICE/stm32f4xx_tim.o
 .debug_loc     0x00003d0e       0xb7 ./system/src/CMSIS/system_stm32f4xx.o
 .debug_loc     0x00003dc5       0x86 ./src/main.o

.debug_macinfo
 *(.debug_macinfo)

.debug_weaknames
 *(.debug_weaknames)

.debug_funcnames
 *(.debug_funcnames)

.debug_typenames
 *(.debug_typenames)

.debug_varnames
 *(.debug_varnames)
OUTPUT(test.elf elf32-littlearm)

.debug_ranges   0x00000000      0x8a0
 .debug_ranges  0x00000000       0x18 ./system/src/newlib/_exit.o
 .debug_ranges  0x00000018       0x50 ./system/src/newlib/_startup.o
 .debug_ranges  0x00000068       0x20 ./system/src/newlib/_syscalls.o
 .debug_ranges  0x00000088       0x10 ./system/src/cortexm/_initialize_hardware.o
 .debug_ranges  0x00000098       0x10 ./system/src/cortexm/_reset_hardware.o
 .debug_ranges  0x000000a8       0x58 ./system/src/cortexm/exception_handlers.o
 .debug_ranges  0x00000100       0x30 ./system/src/DEVICE/misc.o
 .debug_ranges  0x00000130      0x138 ./system/src/DEVICE/stm32f4xx_adc.o
 .debug_ranges  0x00000268       0x90 ./system/src/DEVICE/stm32f4xx_dac.o
 .debug_ranges  0x000002f8       0x78 ./system/src/DEVICE/stm32f4xx_gpio.o
 .debug_ranges  0x00000370      0x1b0 ./system/src/DEVICE/stm32f4xx_rcc.o
 .debug_ranges  0x00000520      0x2f8 ./system/src/DEVICE/stm32f4xx_tim.o
 .debug_ranges  0x00000818       0x30 ./system/src/CMSIS/system_stm32f4xx.o
 .debug_ranges  0x00000848       0x10 ./system/src/CMSIS/vectors_stm32f4xx.o
 .debug_ranges  0x00000858       0x48 ./src/main.o
